Command line invocation:
    /Applications/Xcode-26.3.0-Release.Candidate.app/Contents/Developer/usr/bin/xcodebuild -project Demo/Construkt.xcodeproj -scheme Construkt -sdk iphonesimulator build

Build settings from command line:
    SDKROOT = iphonesimulator26.2

Resolve Package Graph


Resolved source packages:
  SnapKit: https://github.com/SnapKit/SnapKit @ 5.7.1
  Factory: https://github.com/hmlongco/Factory.git @ 1.3.7
  RxSwift: https://github.com/ReactiveX/RxSwift.git @ 6.10.1

--- xcodebuild: WARNING: Using the first of multiple matching destinations:
{ platform:iOS Simulator, id:dvtdevice-DVTiOSDeviceSimulatorPlaceholder-iphonesimulator:placeholder, name:Any iOS Simulator Device }
{ platform:iOS Simulator, arch:arm64, id:7018A62E-6CE5-4420-8075-123F64BF22B0, OS:18.6, name:16PRO 18.6 }
{ platform:iOS Simulator, arch:x86_64, id:7018A62E-6CE5-4420-8075-123F64BF22B0, OS:18.6, name:16PRO 18.6 }
{ platform:iOS Simulator, arch:arm64, id:95064265-0F15-414D-8BB9-3E3D25BAB547, OS:18.6, name:SE 3rd 18.6 }
{ platform:iOS Simulator, arch:x86_64, id:95064265-0F15-414D-8BB9-3E3D25BAB547, OS:18.6, name:SE 3rd 18.6 }
{ platform:iOS Simulator, arch:arm64, id:0D0E0496-7AD3-4525-9F2C-60818655D3FF, OS:18.6, name:iPad (A16) }
{ platform:iOS Simulator, arch:x86_64, id:0D0E0496-7AD3-4525-9F2C-60818655D3FF, OS:18.6, name:iPad (A16) }
{ platform:iOS Simulator, arch:arm64, id:99DADC42-8AEC-482F-94B4-19D6F02440D3, OS:26.1, name:iPad (A16) }
{ platform:iOS Simulator, arch:x86_64, id:99DADC42-8AEC-482F-94B4-19D6F02440D3, OS:26.1, name:iPad (A16) }
{ platform:iOS Simulator, arch:arm64, id:255CD418-BDF2-46FE-AEF2-9DD3AEACB459, OS:26.2, name:iPad (A16) }
{ platform:iOS Simulator, arch:x86_64, id:255CD418-BDF2-46FE-AEF2-9DD3AEACB459, OS:26.2, name:iPad (A16) }
{ platform:iOS Simulator, arch:arm64, id:6B2EAA90-7433-455E-8580-E19133B80D3E, OS:18.6, name:iPad Air 11-inch (M3) }
{ platform:iOS Simulator, arch:x86_64, id:6B2EAA90-7433-455E-8580-E19133B80D3E, OS:18.6, name:iPad Air 11-inch (M3) }
{ platform:iOS Simulator, arch:arm64, id:FFED936E-EC1E-4A4D-9E1E-70EA68931D2D, OS:26.1, name:iPad Air 11-inch (M3) }
{ platform:iOS Simulator, arch:x86_64, id:FFED936E-EC1E-4A4D-9E1E-70EA68931D2D, OS:26.1, name:iPad Air 11-inch (M3) }
{ platform:iOS Simulator, arch:arm64, id:176312F5-F03E-48EC-BDCC-A4F13F5FBF7A, OS:26.2, name:iPad Air 11-inch (M3) }
{ platform:iOS Simulator, arch:x86_64, id:176312F5-F03E-48EC-BDCC-A4F13F5FBF7A, OS:26.2, name:iPad Air 11-inch (M3) }
{ platform:iOS Simulator, arch:arm64, id:9BB67611-682A-4BA9-912F-F3FE368BBA72, OS:18.6, name:iPad Air 13-inch (M3) }
{ platform:iOS Simulator, arch:x86_64, id:9BB67611-682A-4BA9-912F-F3FE368BBA72, OS:18.6, name:iPad Air 13-inch (M3) }
{ platform:iOS Simulator, arch:arm64, id:0387F73A-4702-42D0-94E1-85ACEA0C489A, OS:26.1, name:iPad Air 13-inch (M3) }
{ platform:iOS Simulator, arch:x86_64, id:0387F73A-4702-42D0-94E1-85ACEA0C489A, OS:26.1, name:iPad Air 13-inch (M3) }
{ platform:iOS Simulator, arch:arm64, id:9FE25D8D-DA07-4BAA-B701-C2AA6D983CA1, OS:26.2, name:iPad Air 13-inch (M3) }
{ platform:iOS Simulator, arch:x86_64, id:9FE25D8D-DA07-4BAA-B701-C2AA6D983CA1, OS:26.2, name:iPad Air 13-inch (M3) }
{ platform:iOS Simulator, arch:arm64, id:7C1418C5-C44C-44BD-AAFD-5B2766384F89, OS:18.6, name:iPad Pro 11-inch (M4) }
{ platform:iOS Simulator, arch:x86_64, id:7C1418C5-C44C-44BD-AAFD-5B2766384F89, OS:18.6, name:iPad Pro 11-inch (M4) }
{ platform:iOS Simulator, arch:arm64, id:9822F186-58C6-478F-8534-DC613447DE88, OS:26.1, name:iPad Pro 11-inch (M5) }
{ platform:iOS Simulator, arch:x86_64, id:9822F186-58C6-478F-8534-DC613447DE88, OS:26.1, name:iPad Pro 11-inch (M5) }
{ platform:iOS Simulator, arch:arm64, id:A700B33D-3390-4A76-9F96-F491BF1221BF, OS:26.2, name:iPad Pro 11-inch (M5) }
{ platform:iOS Simulator, arch:x86_64, id:A700B33D-3390-4A76-9F96-F491BF1221BF, OS:26.2, name:iPad Pro 11-inch (M5) }
{ platform:iOS Simulator, arch:arm64, id:48D5B205-C279-4E16-8A71-2F3C3388D16A, OS:18.6, name:iPad Pro 13-inch (M4) }
{ platform:iOS Simulator, arch:x86_64, id:48D5B205-C279-4E16-8A71-2F3C3388D16A, OS:18.6, name:iPad Pro 13-inch (M4) }
{ platform:iOS Simulator, arch:arm64, id:0A42DB5F-EBD9-449E-B93A-2F086EF04819, OS:26.1, name:iPad Pro 13-inch (M5) }
{ platform:iOS Simulator, arch:x86_64, id:0A42DB5F-EBD9-449E-B93A-2F086EF04819, OS:26.1, name:iPad Pro 13-inch (M5) }
{ platform:iOS Simulator, arch:arm64, id:0B65D399-231A-43D7-AF04-D498B91485CD, OS:26.2, name:iPad Pro 13-inch (M5) }
{ platform:iOS Simulator, arch:x86_64, id:0B65D399-231A-43D7-AF04-D498B91485CD, OS:26.2, name:iPad Pro 13-inch (M5) }
{ platform:iOS Simulator, arch:arm64, id:E8893B61-2D0A-4AF9-9034-9E2866044AEF, OS:18.6, name:iPad mini (A17 Pro) }
{ platform:iOS Simulator, arch:x86_64, id:E8893B61-2D0A-4AF9-9034-9E2866044AEF, OS:18.6, name:iPad mini (A17 Pro) }
{ platform:iOS Simulator, arch:arm64, id:158BD7A9-FF67-427E-B1D9-6565E4740B91, OS:26.1, name:iPad mini (A17 Pro) }
{ platform:iOS Simulator, arch:x86_64, id:158BD7A9-FF67-427E-B1D9-6565E4740B91, OS:26.1, name:iPad mini (A17 Pro) }
{ platform:iOS Simulator, arch:arm64, id:F14F2E92-763E-4772-9818-30FAB510CAB3, OS:26.2, name:iPad mini (A17 Pro) }
{ platform:iOS Simulator, arch:x86_64, id:F14F2E92-763E-4772-9818-30FAB510CAB3, OS:26.2, name:iPad mini (A17 Pro) }
{ platform:iOS Simulator, arch:arm64, id:970B6909-8322-413F-8116-3934CDD5D7C5, OS:26.1, name:iPhone 13 }
{ platform:iOS Simulator, arch:x86_64, id:970B6909-8322-413F-8116-3934CDD5D7C5, OS:26.1, name:iPhone 13 }
{ platform:iOS Simulator, arch:arm64, id:219D3EF6-5BE4-489E-B2C1-81930BAB1ADD, OS:18.6, name:iPhone 16 }
{ platform:iOS Simulator, arch:x86_64, id:219D3EF6-5BE4-489E-B2C1-81930BAB1ADD, OS:18.6, name:iPhone 16 }
{ platform:iOS Simulator, arch:arm64, id:E62045A1-EBF3-42D1-AB4A-357D491A4174, OS:18.6, name:iPhone 16 Plus }
{ platform:iOS Simulator, arch:x86_64, id:E62045A1-EBF3-42D1-AB4A-357D491A4174, OS:18.6, name:iPhone 16 Plus }
{ platform:iOS Simulator, arch:arm64, id:201DB0CB-82FA-4376-A93D-C3E7D807BD5E, OS:18.6, name:iPhone 16 Pro }
{ platform:iOS Simulator, arch:x86_64, id:201DB0CB-82FA-4376-A93D-C3E7D807BD5E, OS:18.6, name:iPhone 16 Pro }
{ platform:iOS Simulator, arch:arm64, id:1740D45F-1E32-435A-8611-AB4856725DB2, OS:18.6, name:iPhone 16 Pro 18.6 }
{ platform:iOS Simulator, arch:x86_64, id:1740D45F-1E32-435A-8611-AB4856725DB2, OS:18.6, name:iPhone 16 Pro 18.6 }
{ platform:iOS Simulator, arch:arm64, id:0D2757BB-198C-42C6-9A1C-B66F1F0960D6, OS:18.6, name:iPhone 16 Pro Max }
{ platform:iOS Simulator, arch:x86_64, id:0D2757BB-198C-42C6-9A1C-B66F1F0960D6, OS:18.6, name:iPhone 16 Pro Max }
{ platform:iOS Simulator, arch:arm64, id:65376331-7149-4794-99AC-F977C1DE5490, OS:18.6, name:iPhone 16e }
{ platform:iOS Simulator, arch:x86_64, id:65376331-7149-4794-99AC-F977C1DE5490, OS:18.6, name:iPhone 16e }
{ platform:iOS Simulator, arch:arm64, id:A0E7BD3F-E6DF-4B3C-A27E-69BF4516FC43, OS:26.1, name:iPhone 16e }
{ platform:iOS Simulator, arch:x86_64, id:A0E7BD3F-E6DF-4B3C-A27E-69BF4516FC43, OS:26.1, name:iPhone 16e }
{ platform:iOS Simulator, arch:arm64, id:BD478C1B-2A1E-46D5-BACB-40D3767A5C80, OS:26.2, name:iPhone 16e }
{ platform:iOS Simulator, arch:x86_64, id:BD478C1B-2A1E-46D5-BACB-40D3767A5C80, OS:26.2, name:iPhone 16e }
{ platform:iOS Simulator, arch:arm64, id:A1DBA281-377C-4538-8883-DDE60B1C4441, OS:26.1, name:iPhone 17 }
{ platform:iOS Simulator, arch:x86_64, id:A1DBA281-377C-4538-8883-DDE60B1C4441, OS:26.1, name:iPhone 17 }
{ platform:iOS Simulator, arch:arm64, id:8507B0CB-BD4E-4B9B-B8CD-CB3CCBFE2ADA, OS:26.2, name:iPhone 17 }
{ platform:iOS Simulator, arch:x86_64, id:8507B0CB-BD4E-4B9B-B8CD-CB3CCBFE2ADA, OS:26.2, name:iPhone 17 }
{ platform:iOS Simulator, arch:arm64, id:5F1F1904-BB68-4240-B418-62028210B37B, OS:26.1, name:iPhone 17 Pro }
{ platform:iOS Simulator, arch:x86_64, id:5F1F1904-BB68-4240-B418-62028210B37B, OS:26.1, name:iPhone 17 Pro }
{ platform:iOS Simulator, arch:arm64, id:EFD2577B-83BA-4732-A3ED-1C37DBF1803E, OS:26.2, name:iPhone 17 Pro }
{ platform:iOS Simulator, arch:x86_64, id:EFD2577B-83BA-4732-A3ED-1C37DBF1803E, OS:26.2, name:iPhone 17 Pro }
{ platform:iOS Simulator, arch:arm64, id:0C8D315D-8947-4061-BA97-84B5ADFCDB95, OS:26.1, name:iPhone 17 Pro Max }
{ platform:iOS Simulator, arch:x86_64, id:0C8D315D-8947-4061-BA97-84B5ADFCDB95, OS:26.1, name:iPhone 17 Pro Max }
{ platform:iOS Simulator, arch:arm64, id:AB598AD0-5ABD-41F8-8101-BB3A72F3BD65, OS:26.2, name:iPhone 17 Pro Max }
{ platform:iOS Simulator, arch:x86_64, id:AB598AD0-5ABD-41F8-8101-BB3A72F3BD65, OS:26.2, name:iPhone 17 Pro Max }
{ platform:iOS Simulator, arch:arm64, id:A3666387-F188-4A9C-82F1-682EDE5150BB, OS:26.1, name:iPhone Air }
{ platform:iOS Simulator, arch:x86_64, id:A3666387-F188-4A9C-82F1-682EDE5150BB, OS:26.1, name:iPhone Air }
{ platform:iOS Simulator, arch:arm64, id:EC25B14A-2546-4C08-973A-1F03EADFADB8, OS:26.2, name:iPhone Air }
{ platform:iOS Simulator, arch:x86_64, id:EC25B14A-2546-4C08-973A-1F03EADFADB8, OS:26.2, name:iPhone Air }
{ platform:macOS, arch:arm64, variant:Designed for [iPad,iPhone], id:00008103-000648283ED9001E, name:My Mac }
{ platform:iOS, id:dvtdevice-DVTiPhonePlaceholder-iphoneos:placeholder, name:Any iOS Device }
ComputePackagePrebuildTargetDependencyGraph

Prepare packages

CreateBuildRequest

SendProjectDescription

CreateBuildOperation

ComputeTargetDependencyGraph
note: Building targets in dependency order
note: Target dependency graph (16 targets)
    Target 'Construkt' in project 'Construkt'
        ➜ Explicit dependency on target 'RxCocoa' in project 'RxSwift'
        ➜ Explicit dependency on target 'SnapKit' in project 'SnapKit'
        ➜ Explicit dependency on target 'Factory' in project 'Factory'
        ➜ Explicit dependency on target 'RxSwift' in project 'RxSwift'
    Target 'RxSwift' in project 'RxSwift'
        ➜ Explicit dependency on target 'RxSwift' in project 'RxSwift'
        ➜ Explicit dependency on target 'RxSwift_RxSwift' in project 'RxSwift'
    Target 'Factory' in project 'Factory'
        ➜ Explicit dependency on target 'Factory' in project 'Factory'
    Target 'Factory' in project 'Factory' (no dependencies)
    Target 'SnapKit' in project 'SnapKit'
        ➜ Explicit dependency on target 'SnapKit' in project 'SnapKit'
        ➜ Explicit dependency on target 'SnapKit_SnapKit' in project 'SnapKit'
    Target 'SnapKit' in project 'SnapKit'
        ➜ Explicit dependency on target 'SnapKit_SnapKit' in project 'SnapKit'
    Target 'SnapKit_SnapKit' in project 'SnapKit' (no dependencies)
    Target 'RxCocoa' in project 'RxSwift'
        ➜ Explicit dependency on target 'RxCocoa' in project 'RxSwift'
        ➜ Explicit dependency on target 'RxSwift_RxCocoa' in project 'RxSwift'
        ➜ Explicit dependency on target 'RxSwift' in project 'RxSwift'
        ➜ Explicit dependency on target 'RxRelay' in project 'RxSwift'
        ➜ Explicit dependency on target 'RxCocoaRuntime' in project 'RxSwift'
    Target 'RxCocoa' in project 'RxSwift'
        ➜ Explicit dependency on target 'RxSwift_RxCocoa' in project 'RxSwift'
        ➜ Explicit dependency on target 'RxSwift' in project 'RxSwift'
        ➜ Explicit dependency on target 'RxRelay' in project 'RxSwift'
        ➜ Explicit dependency on target 'RxCocoaRuntime' in project 'RxSwift'
    Target 'RxCocoaRuntime' in project 'RxSwift'
        ➜ Explicit dependency on target 'RxSwift_RxCocoaRuntime' in project 'RxSwift'
        ➜ Explicit dependency on target 'RxSwift' in project 'RxSwift'
    Target 'RxSwift_RxCocoaRuntime' in project 'RxSwift' (no dependencies)
    Target 'RxRelay' in project 'RxSwift'
        ➜ Explicit dependency on target 'RxSwift_RxRelay' in project 'RxSwift'
        ➜ Explicit dependency on target 'RxSwift' in project 'RxSwift'
    Target 'RxSwift_RxRelay' in project 'RxSwift' (no dependencies)
    Target 'RxSwift' in project 'RxSwift'
        ➜ Explicit dependency on target 'RxSwift_RxSwift' in project 'RxSwift'
    Target 'RxSwift_RxSwift' in project 'RxSwift' (no dependencies)
    Target 'RxSwift_RxCocoa' in project 'RxSwift' (no dependencies)

GatherProvisioningInputs

CreateBuildDescription

ExecuteExternalTool /Applications/Xcode-26.3.0-Release.Candidate.app/Contents/Developer/Toolchains/XcodeDefault.xctoolchain/usr/bin/swiftc --version

ExecuteExternalTool /Applications/Xcode-26.3.0-Release.Candidate.app/Contents/Developer/Toolchains/XcodeDefault.xctoolchain/usr/bin/clang -v -E -dM -arch arm64 -isysroot /Applications/Xcode-26.3.0-Release.Candidate.app/Contents/Developer/Platforms/iPhoneSimulator.platform/Developer/SDKs/iPhoneSimulator26.2.sdk -x objective-c -c /dev/null

ExecuteExternalTool /Applications/Xcode-26.3.0-Release.Candidate.app/Contents/Developer/Toolchains/XcodeDefault.xctoolchain/usr/bin/clang -v -E -dM -isysroot /Applications/Xcode-26.3.0-Release.Candidate.app/Contents/Developer/Platforms/iPhoneSimulator.platform/Developer/SDKs/iPhoneSimulator26.2.sdk -x c -c /dev/null

ExecuteExternalTool /Applications/Xcode-26.3.0-Release.Candidate.app/Contents/Developer/usr/bin/actool --print-asset-tag-combinations --output-format xml1 /Users/mac/Developer/pr0j3ct5/Construkt/Demo/Construkt/Resources/Assets.xcassets

ExecuteExternalTool /Applications/Xcode-26.3.0-Release.Candidate.app/Contents/Developer/usr/bin/actool --version --output-format xml1

ExecuteExternalTool /Applications/Xcode-26.3.0-Release.Candidate.app/Contents/Developer/Toolchains/XcodeDefault.xctoolchain/usr/bin/clang -v -E -dM -arch arm64 -isysroot /Applications/Xcode-26.3.0-Release.Candidate.app/Contents/Developer/Platforms/iPhoneSimulator.platform/Developer/SDKs/iPhoneSimulator26.2.sdk -x c -c /dev/null

ExecuteExternalTool /Applications/Xcode-26.3.0-Release.Candidate.app/Contents/Developer/Toolchains/XcodeDefault.xctoolchain/usr/bin/ld -version_details

ExecuteExternalTool /Applications/Xcode-26.3.0-Release.Candidate.app/Contents/Developer/Toolchains/XcodeDefault.xctoolchain/usr/bin/clang -v -E -dM -arch x86_64 -isysroot /Applications/Xcode-26.3.0-Release.Candidate.app/Contents/Developer/Platforms/iPhoneSimulator.platform/Developer/SDKs/iPhoneSimulator26.2.sdk -x objective-c -c /dev/null

ExecuteExternalTool /Applications/Xcode-26.3.0-Release.Candidate.app/Contents/Developer/Toolchains/XcodeDefault.xctoolchain/usr/bin/clang -v -E -dM -arch x86_64 -isysroot /Applications/Xcode-26.3.0-Release.Candidate.app/Contents/Developer/Platforms/iPhoneSimulator.platform/Developer/SDKs/iPhoneSimulator26.2.sdk -x c -c /dev/null

Build description signature: 9b55850bbc6c18513488563c92c9d76f
Build description path: /Users/mac/Library/Developer/Xcode/DerivedData/Construkt-dmvdvjzlicdgipdixgirozdsnyxg/Build/Intermediates.noindex/XCBuildData/9b55850bbc6c18513488563c92c9d76f.xcbuilddata
ClangStatCache /Applications/Xcode-26.3.0-Release.Candidate.app/Contents/Developer/Toolchains/XcodeDefault.xctoolchain/usr/bin/clang-stat-cache /Applications/Xcode-26.3.0-Release.Candidate.app/Contents/Developer/Platforms/iPhoneSimulator.platform/Developer/SDKs/iPhoneSimulator26.2.sdk /Users/mac/Library/Developer/Xcode/DerivedData/SDKStatCaches.noindex/iphonesimulator26.2-23C57-f44e675dadc9c75f5585c00552fb836d.sdkstatcache
    cd /Users/mac/Developer/pr0j3ct5/Construkt/Demo/Construkt.xcodeproj
    /Applications/Xcode-26.3.0-Release.Candidate.app/Contents/Developer/Toolchains/XcodeDefault.xctoolchain/usr/bin/clang-stat-cache /Applications/Xcode-26.3.0-Release.Candidate.app/Contents/Developer/Platforms/iPhoneSimulator.platform/Developer/SDKs/iPhoneSimulator26.2.sdk -o /Users/mac/Library/Developer/Xcode/DerivedData/SDKStatCaches.noindex/iphonesimulator26.2-23C57-f44e675dadc9c75f5585c00552fb836d.sdkstatcache

warning: Skipping duplicate build file in Compile Sources build phase: /Users/mac/Developer/pr0j3ct5/Construkt/Sources/Construkt/Core/Builder/Builder+Attributes.swift (in target 'Construkt' from project 'Construkt')
warning: Skipping duplicate build file in Compile Sources build phase: /Users/mac/Developer/pr0j3ct5/Construkt/Sources/Construkt/Core/Builder/Builder+Button.swift (in target 'Construkt' from project 'Construkt')
warning: Skipping duplicate build file in Compile Sources build phase: /Users/mac/Developer/pr0j3ct5/Construkt/Sources/Construkt/Core/Builder/Builder+Constraints.swift (in target 'Construkt' from project 'Construkt')
warning: Skipping duplicate build file in Compile Sources build phase: /Users/mac/Developer/pr0j3ct5/Construkt/Sources/Construkt/Core/Builder/Builder+Container.swift (in target 'Construkt' from project 'Construkt')
warning: Skipping duplicate build file in Compile Sources build phase: /Users/mac/Developer/pr0j3ct5/Construkt/Sources/Construkt/Core/Builder/Builder+Context.swift (in target 'Construkt' from project 'Construkt')
warning: Skipping duplicate build file in Compile Sources build phase: /Users/mac/Developer/pr0j3ct5/Construkt/Sources/Construkt/Core/Builder/Builder+Controls.swift (in target 'Construkt' from project 'Construkt')
warning: Skipping duplicate build file in Compile Sources build phase: /Users/mac/Developer/pr0j3ct5/Construkt/Sources/Construkt/Core/Builder/Builder+Divider.swift (in target 'Construkt' from project 'Construkt')
warning: Skipping duplicate build file in Compile Sources build phase: /Users/mac/Developer/pr0j3ct5/Construkt/Sources/Construkt/Core/Builder/Builder+Dynamic.swift (in target 'Construkt' from project 'Construkt')
warning: Skipping duplicate build file in Compile Sources build phase: /Users/mac/Developer/pr0j3ct5/Construkt/Sources/Construkt/Core/Builder/Builder+Extensions.swift (in target 'Construkt' from project 'Construkt')
warning: Skipping duplicate build file in Compile Sources build phase: /Users/mac/Developer/pr0j3ct5/Construkt/Sources/Construkt/Core/Builder/Builder+ForEach.swift (in target 'Construkt' from project 'Construkt')
warning: Skipping duplicate build file in Compile Sources build phase: /Users/mac/Developer/pr0j3ct5/Construkt/Sources/Construkt/Core/Builder/Builder+Gestures.swift (in target 'Construkt' from project 'Construkt')
warning: Skipping duplicate build file in Compile Sources build phase: /Users/mac/Developer/pr0j3ct5/Construkt/Sources/Construkt/Core/Builder/Builder+Group.swift (in target 'Construkt' from project 'Construkt')
warning: Skipping duplicate build file in Compile Sources build phase: /Users/mac/Developer/pr0j3ct5/Construkt/Sources/Construkt/Core/Builder/Builder+Image.swift (in target 'Construkt' from project 'Construkt')
warning: Skipping duplicate build file in Compile Sources build phase: /Users/mac/Developer/pr0j3ct5/Construkt/Sources/Construkt/Core/Builder/Builder+Label.swift (in target 'Construkt' from project 'Construkt')
warning: Skipping duplicate build file in Compile Sources build phase: /Users/mac/Developer/pr0j3ct5/Construkt/Sources/Construkt/Core/Builder/Builder+Navigation.swift (in target 'Construkt' from project 'Construkt')
warning: Skipping duplicate build file in Compile Sources build phase: /Users/mac/Developer/pr0j3ct5/Construkt/Sources/Construkt/Core/Builder/Builder+Padding.swift (in target 'Construkt' from project 'Construkt')
warning: Skipping duplicate build file in Compile Sources build phase: /Users/mac/Developer/pr0j3ct5/Construkt/Sources/Construkt/Core/Builder/Builder+Bindings.swift (in target 'Construkt' from project 'Construkt')
warning: Skipping duplicate build file in Compile Sources build phase: /Users/mac/Developer/pr0j3ct5/Construkt/Sources/Construkt/Core/Builder/Builder+ScrollView.swift (in target 'Construkt' from project 'Construkt')
warning: Skipping duplicate build file in Compile Sources build phase: /Users/mac/Developer/pr0j3ct5/Construkt/Sources/Construkt/Core/Builder/Builder+Spacer.swift (in target 'Construkt' from project 'Construkt')
warning: Skipping duplicate build file in Compile Sources build phase: /Users/mac/Developer/pr0j3ct5/Construkt/Sources/Construkt/Core/Builder/Builder+Stack.swift (in target 'Construkt' from project 'Construkt')
warning: Skipping duplicate build file in Compile Sources build phase: /Users/mac/Developer/pr0j3ct5/Construkt/Sources/Construkt/Core/Builder/Builder+Styles.swift (in target 'Construkt' from project 'Construkt')
warning: Skipping duplicate build file in Compile Sources build phase: /Users/mac/Developer/pr0j3ct5/Construkt/Sources/Construkt/Core/Builder/Builder+Switch.swift (in target 'Construkt' from project 'Construkt')
warning: Skipping duplicate build file in Compile Sources build phase: /Users/mac/Developer/pr0j3ct5/Construkt/Sources/Construkt/Core/Builder/Builder+TableView.swift (in target 'Construkt' from project 'Construkt')
warning: Skipping duplicate build file in Compile Sources build phase: /Users/mac/Developer/pr0j3ct5/Construkt/Sources/Construkt/Core/Builder/Builder+TextField.swift (in target 'Construkt' from project 'Construkt')
warning: Skipping duplicate build file in Compile Sources build phase: /Users/mac/Developer/pr0j3ct5/Construkt/Sources/Construkt/Core/Builder/Builder+Variable.swift (in target 'Construkt' from project 'Construkt')
warning: Skipping duplicate build file in Compile Sources build phase: /Users/mac/Developer/pr0j3ct5/Construkt/Sources/Construkt/Core/Builder/Builder+View.swift (in target 'Construkt' from project 'Construkt')
warning: Skipping duplicate build file in Compile Sources build phase: /Users/mac/Developer/pr0j3ct5/Construkt/Sources/Construkt/Core/Builder/Builder+ViewController.swift (in target 'Construkt' from project 'Construkt')
warning: Skipping duplicate build file in Compile Sources build phase: /Users/mac/Developer/pr0j3ct5/Construkt/Sources/Construkt/Core/Builder/Builder+With.swift (in target 'Construkt' from project 'Construkt')
warning: Skipping duplicate build file in Compile Sources build phase: /Users/mac/Developer/pr0j3ct5/Construkt/Sources/Construkt/Core/Builder/Builder+ZStack.swift (in target 'Construkt' from project 'Construkt')
warning: Skipping duplicate build file in Compile Sources build phase: /Users/mac/Developer/pr0j3ct5/Construkt/Sources/Construkt/Core/Builder/Builder.swift (in target 'Construkt' from project 'Construkt')
warning: Skipping duplicate build file in Compile Sources build phase: /Users/mac/Developer/pr0j3ct5/Construkt/Sources/Construkt/Core/Extensions/UIColor+Extensions.swift (in target 'Construkt' from project 'Construkt')
warning: Skipping duplicate build file in Compile Sources build phase: /Users/mac/Developer/pr0j3ct5/Construkt/Sources/Construkt/Core/Extensions/UIImage+Extensions.swift (in target 'Construkt' from project 'Construkt')
warning: Skipping duplicate build file in Compile Sources build phase: /Users/mac/Developer/pr0j3ct5/Construkt/Sources/Construkt/Core/Builder/Binding.swift (in target 'Construkt' from project 'Construkt')
warning: Skipping duplicate build file in Compile Sources build phase: /Users/mac/Developer/pr0j3ct5/Construkt/Sources/Construkt/Core/Builder/Property.swift (in target 'Construkt' from project 'Construkt')
warning: Skipping duplicate build file in Compile Sources build phase: /Users/mac/Developer/pr0j3ct5/Construkt/Sources/Construkt/Core/Builder/Signal.swift (in target 'Construkt' from project 'Construkt')
warning: Skipping duplicate build file in Compile Sources build phase: /Users/mac/Developer/pr0j3ct5/Construkt/Sources/Construkt/Core/Builder/CancelBag.swift (in target 'Construkt' from project 'Construkt')
warning: Skipping duplicate build file in Compile Sources build phase: /Users/mac/Developer/pr0j3ct5/Construkt/Sources/Construkt/Core/Builder/Binding+Operators.swift (in target 'Construkt' from project 'Construkt')
warning: Skipping duplicate build file in Compile Sources build phase: /Users/mac/Developer/pr0j3ct5/Construkt/Sources/Construkt/Core/Builder/Builder+Attributes.swift (in target 'Construkt' from project 'Construkt')
warning: Skipping duplicate build file in Compile Sources build phase: /Users/mac/Developer/pr0j3ct5/Construkt/Sources/Construkt/Core/Builder/Builder+Button.swift (in target 'Construkt' from project 'Construkt')
warning: Skipping duplicate build file in Compile Sources build phase: /Users/mac/Developer/pr0j3ct5/Construkt/Sources/Construkt/Core/Builder/Builder+Constraints.swift (in target 'Construkt' from project 'Construkt')
warning: Skipping duplicate build file in Compile Sources build phase: /Users/mac/Developer/pr0j3ct5/Construkt/Sources/Construkt/Core/Builder/Builder+Container.swift (in target 'Construkt' from project 'Construkt')
warning: Skipping duplicate build file in Compile Sources build phase: /Users/mac/Developer/pr0j3ct5/Construkt/Sources/Construkt/Core/Builder/Builder+Context.swift (in target 'Construkt' from project 'Construkt')
warning: Skipping duplicate build file in Compile Sources build phase: /Users/mac/Developer/pr0j3ct5/Construkt/Sources/Construkt/Core/Builder/Builder+Controls.swift (in target 'Construkt' from project 'Construkt')
warning: Skipping duplicate build file in Compile Sources build phase: /Users/mac/Developer/pr0j3ct5/Construkt/Sources/Construkt/Core/Builder/Builder+Divider.swift (in target 'Construkt' from project 'Construkt')
warning: Skipping duplicate build file in Compile Sources build phase: /Users/mac/Developer/pr0j3ct5/Construkt/Sources/Construkt/Core/Builder/Builder+Dynamic.swift (in target 'Construkt' from project 'Construkt')
warning: Skipping duplicate build file in Compile Sources build phase: /Users/mac/Developer/pr0j3ct5/Construkt/Sources/Construkt/Core/Builder/Builder+Extensions.swift (in target 'Construkt' from project 'Construkt')
warning: Skipping duplicate build file in Compile Sources build phase: /Users/mac/Developer/pr0j3ct5/Construkt/Sources/Construkt/Core/Builder/Builder+ForEach.swift (in target 'Construkt' from project 'Construkt')
warning: Skipping duplicate build file in Compile Sources build phase: /Users/mac/Developer/pr0j3ct5/Construkt/Sources/Construkt/Core/Builder/Builder+Gestures.swift (in target 'Construkt' from project 'Construkt')
warning: Skipping duplicate build file in Compile Sources build phase: /Users/mac/Developer/pr0j3ct5/Construkt/Sources/Construkt/Core/Builder/Builder+Group.swift (in target 'Construkt' from project 'Construkt')
warning: Skipping duplicate build file in Compile Sources build phase: /Users/mac/Developer/pr0j3ct5/Construkt/Sources/Construkt/Core/Builder/Builder+Image.swift (in target 'Construkt' from project 'Construkt')
warning: Skipping duplicate build file in Compile Sources build phase: /Users/mac/Developer/pr0j3ct5/Construkt/Sources/Construkt/Core/Builder/Builder+Label.swift (in target 'Construkt' from project 'Construkt')
warning: Skipping duplicate build file in Compile Sources build phase: /Users/mac/Developer/pr0j3ct5/Construkt/Sources/Construkt/Core/Builder/Builder+Navigation.swift (in target 'Construkt' from project 'Construkt')
warning: Skipping duplicate build file in Compile Sources build phase: /Users/mac/Developer/pr0j3ct5/Construkt/Sources/Construkt/Core/Builder/Builder+Padding.swift (in target 'Construkt' from project 'Construkt')
warning: Skipping duplicate build file in Compile Sources build phase: /Users/mac/Developer/pr0j3ct5/Construkt/Sources/Construkt/Core/Builder/Builder+Bindings.swift (in target 'Construkt' from project 'Construkt')
warning: Skipping duplicate build file in Compile Sources build phase: /Users/mac/Developer/pr0j3ct5/Construkt/Sources/Construkt/Core/Builder/Builder+ScrollView.swift (in target 'Construkt' from project 'Construkt')
warning: Skipping duplicate build file in Compile Sources build phase: /Users/mac/Developer/pr0j3ct5/Construkt/Sources/Construkt/Core/Builder/Builder+Spacer.swift (in target 'Construkt' from project 'Construkt')
warning: Skipping duplicate build file in Compile Sources build phase: /Users/mac/Developer/pr0j3ct5/Construkt/Sources/Construkt/Core/Builder/Builder+Stack.swift (in target 'Construkt' from project 'Construkt')
warning: Skipping duplicate build file in Compile Sources build phase: /Users/mac/Developer/pr0j3ct5/Construkt/Sources/Construkt/Core/Builder/Builder+Styles.swift (in target 'Construkt' from project 'Construkt')
warning: Skipping duplicate build file in Compile Sources build phase: /Users/mac/Developer/pr0j3ct5/Construkt/Sources/Construkt/Core/Builder/Builder+Switch.swift (in target 'Construkt' from project 'Construkt')
warning: Skipping duplicate build file in Compile Sources build phase: /Users/mac/Developer/pr0j3ct5/Construkt/Sources/Construkt/Core/Builder/Builder+TableView.swift (in target 'Construkt' from project 'Construkt')
warning: Skipping duplicate build file in Compile Sources build phase: /Users/mac/Developer/pr0j3ct5/Construkt/Sources/Construkt/Core/Builder/Builder+TextField.swift (in target 'Construkt' from project 'Construkt')
warning: Skipping duplicate build file in Compile Sources build phase: /Users/mac/Developer/pr0j3ct5/Construkt/Sources/Construkt/Core/Builder/Builder+Variable.swift (in target 'Construkt' from project 'Construkt')
warning: Skipping duplicate build file in Compile Sources build phase: /Users/mac/Developer/pr0j3ct5/Construkt/Sources/Construkt/Core/Builder/Builder+View.swift (in target 'Construkt' from project 'Construkt')
warning: Skipping duplicate build file in Compile Sources build phase: /Users/mac/Developer/pr0j3ct5/Construkt/Sources/Construkt/Core/Builder/Builder+ViewController.swift (in target 'Construkt' from project 'Construkt')
warning: Skipping duplicate build file in Compile Sources build phase: /Users/mac/Developer/pr0j3ct5/Construkt/Sources/Construkt/Core/Builder/Builder+With.swift (in target 'Construkt' from project 'Construkt')
warning: Skipping duplicate build file in Compile Sources build phase: /Users/mac/Developer/pr0j3ct5/Construkt/Sources/Construkt/Core/Builder/Builder+ZStack.swift (in target 'Construkt' from project 'Construkt')
warning: Skipping duplicate build file in Compile Sources build phase: /Users/mac/Developer/pr0j3ct5/Construkt/Sources/Construkt/Core/Builder/Builder.swift (in target 'Construkt' from project 'Construkt')
warning: Skipping duplicate build file in Compile Sources build phase: /Users/mac/Developer/pr0j3ct5/Construkt/Sources/Construkt/Core/Extensions/UIColor+Extensions.swift (in target 'Construkt' from project 'Construkt')
warning: Skipping duplicate build file in Compile Sources build phase: /Users/mac/Developer/pr0j3ct5/Construkt/Sources/Construkt/Core/Extensions/UIImage+Extensions.swift (in target 'Construkt' from project 'Construkt')
warning: Skipping duplicate build file in Compile Sources build phase: /Users/mac/Developer/pr0j3ct5/Construkt/Sources/Construkt/Core/Builder/Binding.swift (in target 'Construkt' from project 'Construkt')
warning: Skipping duplicate build file in Compile Sources build phase: /Users/mac/Developer/pr0j3ct5/Construkt/Sources/Construkt/Core/Builder/Property.swift (in target 'Construkt' from project 'Construkt')
warning: Skipping duplicate build file in Compile Sources build phase: /Users/mac/Developer/pr0j3ct5/Construkt/Sources/Construkt/Core/Builder/Signal.swift (in target 'Construkt' from project 'Construkt')
warning: Skipping duplicate build file in Compile Sources build phase: /Users/mac/Developer/pr0j3ct5/Construkt/Sources/Construkt/Core/Builder/CancelBag.swift (in target 'Construkt' from project 'Construkt')
warning: Skipping duplicate build file in Compile Sources build phase: /Users/mac/Developer/pr0j3ct5/Construkt/Sources/Construkt/Core/Builder/Binding+Operators.swift (in target 'Construkt' from project 'Construkt')
ProcessProductPackaging "" /Users/mac/Library/Developer/Xcode/DerivedData/Construkt-dmvdvjzlicdgipdixgirozdsnyxg/Build/Intermediates.noindex/Construkt.build/Debug-iphonesimulator/Construkt.build/Construkt.app-Simulated.xcent (in target 'Construkt' from project 'Construkt')
    cd /Users/mac/Developer/pr0j3ct5/Construkt/Demo
    
    Entitlements:
    
    {
    "application-identifier" = "AM6A64NDM6.com.koanba.Construkt";
}
    
    builtin-productPackagingUtility -entitlements -format xml -o /Users/mac/Library/Developer/Xcode/DerivedData/Construkt-dmvdvjzlicdgipdixgirozdsnyxg/Build/Intermediates.noindex/Construkt.build/Debug-iphonesimulator/Construkt.build/Construkt.app-Simulated.xcent

ProcessProductPackagingDER /Users/mac/Library/Developer/Xcode/DerivedData/Construkt-dmvdvjzlicdgipdixgirozdsnyxg/Build/Intermediates.noindex/Construkt.build/Debug-iphonesimulator/Construkt.build/Construkt.app-Simulated.xcent /Users/mac/Library/Developer/Xcode/DerivedData/Construkt-dmvdvjzlicdgipdixgirozdsnyxg/Build/Intermediates.noindex/Construkt.build/Debug-iphonesimulator/Construkt.build/Construkt.app-Simulated.xcent.der (in target 'Construkt' from project 'Construkt')
    cd /Users/mac/Developer/pr0j3ct5/Construkt/Demo
    /usr/bin/derq query -f xml -i /Users/mac/Library/Developer/Xcode/DerivedData/Construkt-dmvdvjzlicdgipdixgirozdsnyxg/Build/Intermediates.noindex/Construkt.build/Debug-iphonesimulator/Construkt.build/Construkt.app-Simulated.xcent -o /Users/mac/Library/Developer/Xcode/DerivedData/Construkt-dmvdvjzlicdgipdixgirozdsnyxg/Build/Intermediates.noindex/Construkt.build/Debug-iphonesimulator/Construkt.build/Construkt.app-Simulated.xcent.der --raw

ProcessInfoPlistFile /Users/mac/Library/Developer/Xcode/DerivedData/Construkt-dmvdvjzlicdgipdixgirozdsnyxg/Build/Products/Debug-iphonesimulator/SnapKit_SnapKit.bundle/Info.plist /Users/mac/Library/Developer/Xcode/DerivedData/Construkt-dmvdvjzlicdgipdixgirozdsnyxg/Build/Intermediates.noindex/SnapKit.build/Debug-iphonesimulator/SnapKit_SnapKit.build/empty-SnapKit_SnapKit.plist (in target 'SnapKit_SnapKit' from project 'SnapKit')
    cd /Users/mac/Library/Developer/Xcode/DerivedData/Construkt-dmvdvjzlicdgipdixgirozdsnyxg/SourcePackages/checkouts/SnapKit
    builtin-infoPlistUtility /Users/mac/Library/Developer/Xcode/DerivedData/Construkt-dmvdvjzlicdgipdixgirozdsnyxg/Build/Intermediates.noindex/SnapKit.build/Debug-iphonesimulator/SnapKit_SnapKit.build/empty-SnapKit_SnapKit.plist -producttype com.apple.product-type.bundle -expandbuildsettings -format binary -platform iphonesimulator -o /Users/mac/Library/Developer/Xcode/DerivedData/Construkt-dmvdvjzlicdgipdixgirozdsnyxg/Build/Products/Debug-iphonesimulator/SnapKit_SnapKit.bundle/Info.plist

ProcessInfoPlistFile /Users/mac/Library/Developer/Xcode/DerivedData/Construkt-dmvdvjzlicdgipdixgirozdsnyxg/Build/Products/Debug-iphonesimulator/RxSwift_RxSwift.bundle/Info.plist /Users/mac/Library/Developer/Xcode/DerivedData/Construkt-dmvdvjzlicdgipdixgirozdsnyxg/Build/Intermediates.noindex/RxSwift.build/Debug-iphonesimulator/RxSwift_RxSwift.build/empty-RxSwift_RxSwift.plist (in target 'RxSwift_RxSwift' from project 'RxSwift')
    cd /Users/mac/Library/Developer/Xcode/DerivedData/Construkt-dmvdvjzlicdgipdixgirozdsnyxg/SourcePackages/checkouts/RxSwift
    builtin-infoPlistUtility /Users/mac/Library/Developer/Xcode/DerivedData/Construkt-dmvdvjzlicdgipdixgirozdsnyxg/Build/Intermediates.noindex/RxSwift.build/Debug-iphonesimulator/RxSwift_RxSwift.build/empty-RxSwift_RxSwift.plist -producttype com.apple.product-type.bundle -expandbuildsettings -format binary -platform iphonesimulator -o /Users/mac/Library/Developer/Xcode/DerivedData/Construkt-dmvdvjzlicdgipdixgirozdsnyxg/Build/Products/Debug-iphonesimulator/RxSwift_RxSwift.bundle/Info.plist

ProcessInfoPlistFile /Users/mac/Library/Developer/Xcode/DerivedData/Construkt-dmvdvjzlicdgipdixgirozdsnyxg/Build/Products/Debug-iphonesimulator/RxSwift_RxCocoa.bundle/Info.plist /Users/mac/Library/Developer/Xcode/DerivedData/Construkt-dmvdvjzlicdgipdixgirozdsnyxg/Build/Intermediates.noindex/RxSwift.build/Debug-iphonesimulator/RxSwift_RxCocoa.build/empty-RxSwift_RxCocoa.plist (in target 'RxSwift_RxCocoa' from project 'RxSwift')
    cd /Users/mac/Library/Developer/Xcode/DerivedData/Construkt-dmvdvjzlicdgipdixgirozdsnyxg/SourcePackages/checkouts/RxSwift
    builtin-infoPlistUtility /Users/mac/Library/Developer/Xcode/DerivedData/Construkt-dmvdvjzlicdgipdixgirozdsnyxg/Build/Intermediates.noindex/RxSwift.build/Debug-iphonesimulator/RxSwift_RxCocoa.build/empty-RxSwift_RxCocoa.plist -producttype com.apple.product-type.bundle -expandbuildsettings -format binary -platform iphonesimulator -o /Users/mac/Library/Developer/Xcode/DerivedData/Construkt-dmvdvjzlicdgipdixgirozdsnyxg/Build/Products/Debug-iphonesimulator/RxSwift_RxCocoa.bundle/Info.plist

ProcessInfoPlistFile /Users/mac/Library/Developer/Xcode/DerivedData/Construkt-dmvdvjzlicdgipdixgirozdsnyxg/Build/Products/Debug-iphonesimulator/RxSwift_RxRelay.bundle/Info.plist /Users/mac/Library/Developer/Xcode/DerivedData/Construkt-dmvdvjzlicdgipdixgirozdsnyxg/Build/Intermediates.noindex/RxSwift.build/Debug-iphonesimulator/RxSwift_RxRelay.build/empty-RxSwift_RxRelay.plist (in target 'RxSwift_RxRelay' from project 'RxSwift')
    cd /Users/mac/Library/Developer/Xcode/DerivedData/Construkt-dmvdvjzlicdgipdixgirozdsnyxg/SourcePackages/checkouts/RxSwift
    builtin-infoPlistUtility /Users/mac/Library/Developer/Xcode/DerivedData/Construkt-dmvdvjzlicdgipdixgirozdsnyxg/Build/Intermediates.noindex/RxSwift.build/Debug-iphonesimulator/RxSwift_RxRelay.build/empty-RxSwift_RxRelay.plist -producttype com.apple.product-type.bundle -expandbuildsettings -format binary -platform iphonesimulator -o /Users/mac/Library/Developer/Xcode/DerivedData/Construkt-dmvdvjzlicdgipdixgirozdsnyxg/Build/Products/Debug-iphonesimulator/RxSwift_RxRelay.bundle/Info.plist

ProcessInfoPlistFile /Users/mac/Library/Developer/Xcode/DerivedData/Construkt-dmvdvjzlicdgipdixgirozdsnyxg/Build/Products/Debug-iphonesimulator/RxSwift_RxCocoaRuntime.bundle/Info.plist /Users/mac/Library/Developer/Xcode/DerivedData/Construkt-dmvdvjzlicdgipdixgirozdsnyxg/Build/Intermediates.noindex/RxSwift.build/Debug-iphonesimulator/RxSwift_RxCocoaRuntime.build/empty-RxSwift_RxCocoaRuntime.plist (in target 'RxSwift_RxCocoaRuntime' from project 'RxSwift')
    cd /Users/mac/Library/Developer/Xcode/DerivedData/Construkt-dmvdvjzlicdgipdixgirozdsnyxg/SourcePackages/checkouts/RxSwift
    builtin-infoPlistUtility /Users/mac/Library/Developer/Xcode/DerivedData/Construkt-dmvdvjzlicdgipdixgirozdsnyxg/Build/Intermediates.noindex/RxSwift.build/Debug-iphonesimulator/RxSwift_RxCocoaRuntime.build/empty-RxSwift_RxCocoaRuntime.plist -producttype com.apple.product-type.bundle -expandbuildsettings -format binary -platform iphonesimulator -o /Users/mac/Library/Developer/Xcode/DerivedData/Construkt-dmvdvjzlicdgipdixgirozdsnyxg/Build/Products/Debug-iphonesimulator/RxSwift_RxCocoaRuntime.bundle/Info.plist

SwiftDriver Construkt normal x86_64 com.apple.xcode.tools.swift.compiler (in target 'Construkt' from project 'Construkt')
    cd /Users/mac/Developer/pr0j3ct5/Construkt/Demo
    builtin-SwiftDriver -- /Applications/Xcode-26.3.0-Release.Candidate.app/Contents/Developer/Toolchains/XcodeDefault.xctoolchain/usr/bin/swiftc -module-name Construkt -Onone -enforce-exclusivity\=checked @/Users/mac/Library/Developer/Xcode/DerivedData/Construkt-dmvdvjzlicdgipdixgirozdsnyxg/Build/Intermediates.noindex/Construkt.build/Debug-iphonesimulator/Construkt.build/Objects-normal/x86_64/Construkt.SwiftFileList -DDEBUG -Xcc -fmodule-map-file\=/Users/mac/Library/Developer/Xcode/DerivedData/Construkt-dmvdvjzlicdgipdixgirozdsnyxg/Build/Intermediates.noindex/GeneratedModuleMaps-iphonesimulator/RxCocoaRuntime.modulemap -enable-bare-slash-regex -enable-experimental-feature DebugDescriptionMacro -sdk /Applications/Xcode-26.3.0-Release.Candidate.app/Contents/Developer/Platforms/iPhoneSimulator.platform/Developer/SDKs/iPhoneSimulator26.2.sdk -target x86_64-apple-ios15.0-simulator -g -module-cache-path /Users/mac/Library/Developer/Xcode/DerivedData/ModuleCache.noindex -Xfrontend -serialize-debugging-options -enable-testing -index-store-path /Users/mac/Library/Developer/Xcode/DerivedData/Construkt-dmvdvjzlicdgipdixgirozdsnyxg/Index.noindex/DataStore -Xcc -D_LIBCPP_HARDENING_MODE\=_LIBCPP_HARDENING_MODE_DEBUG -swift-version 5 -I /Users/mac/Library/Developer/Xcode/DerivedData/Construkt-dmvdvjzlicdgipdixgirozdsnyxg/Build/Products/Debug-iphonesimulator -F /Users/mac/Library/Developer/Xcode/DerivedData/Construkt-dmvdvjzlicdgipdixgirozdsnyxg/Build/Products/Debug-iphonesimulator/PackageFrameworks -F /Users/mac/Library/Developer/Xcode/DerivedData/Construkt-dmvdvjzlicdgipdixgirozdsnyxg/Build/Products/Debug-iphonesimulator/PackageFrameworks -F /Users/mac/Library/Developer/Xcode/DerivedData/Construkt-dmvdvjzlicdgipdixgirozdsnyxg/Build/Products/Debug-iphonesimulator/PackageFrameworks -F /Users/mac/Library/Developer/Xcode/DerivedData/Construkt-dmvdvjzlicdgipdixgirozdsnyxg/Build/Products/Debug-iphonesimulator/PackageFrameworks -F /Users/mac/Library/Developer/Xcode/DerivedData/Construkt-dmvdvjzlicdgipdixgirozdsnyxg/Build/Products/Debug-iphonesimulator/PackageFrameworks -F /Users/mac/Library/Developer/Xcode/DerivedData/Construkt-dmvdvjzlicdgipdixgirozdsnyxg/Build/Products/Debug-iphonesimulator/PackageFrameworks -F /Users/mac/Library/Developer/Xcode/DerivedData/Construkt-dmvdvjzlicdgipdixgirozdsnyxg/Build/Products/Debug-iphonesimulator -emit-localized-strings -emit-localized-strings-path /Users/mac/Library/Developer/Xcode/DerivedData/Construkt-dmvdvjzlicdgipdixgirozdsnyxg/Build/Intermediates.noindex/Construkt.build/Debug-iphonesimulator/Construkt.build/Objects-normal/x86_64 -c -j8 -enable-batch-mode -incremental -Xcc -ivfsstatcache -Xcc /Users/mac/Library/Developer/Xcode/DerivedData/SDKStatCaches.noindex/iphonesimulator26.2-23C57-f44e675dadc9c75f5585c00552fb836d.sdkstatcache -output-file-map /Users/mac/Library/Developer/Xcode/DerivedData/Construkt-dmvdvjzlicdgipdixgirozdsnyxg/Build/Intermediates.noindex/Construkt.build/Debug-iphonesimulator/Construkt.build/Objects-normal/x86_64/Construkt-OutputFileMap.json -use-frontend-parseable-output -save-temps -no-color-diagnostics -explicit-module-build -module-cache-path /Users/mac/Library/Developer/Xcode/DerivedData/Construkt-dmvdvjzlicdgipdixgirozdsnyxg/Build/Intermediates.noindex/SwiftExplicitPrecompiledModules -clang-scanner-module-cache-path /Users/mac/Library/Developer/Xcode/DerivedData/ModuleCache.noindex -sdk-module-cache-path /Users/mac/Library/Developer/Xcode/DerivedData/ModuleCache.noindex -serialize-diagnostics -emit-dependencies -emit-module -emit-module-path /Users/mac/Library/Developer/Xcode/DerivedData/Construkt-dmvdvjzlicdgipdixgirozdsnyxg/Build/Intermediates.noindex/Construkt.build/Debug-iphonesimulator/Construkt.build/Objects-normal/x86_64/Construkt.swiftmodule -validate-clang-modules-once -clang-build-session-file /Users/mac/Library/Developer/Xcode/DerivedData/ModuleCache.noindex/Session.modulevalidation -Xcc -I/Users/mac/Library/Developer/Xcode/DerivedData/Construkt-dmvdvjzlicdgipdixgirozdsnyxg/Build/Intermediates.noindex/Construkt.build/Debug-iphonesimulator/Construkt.build/swift-overrides.hmap -emit-const-values -Xfrontend -const-gather-protocols-file -Xfrontend /Users/mac/Library/Developer/Xcode/DerivedData/Construkt-dmvdvjzlicdgipdixgirozdsnyxg/Build/Intermediates.noindex/Construkt.build/Debug-iphonesimulator/Construkt.build/Objects-normal/x86_64/Construkt_const_extract_protocols.json -Xcc -iquote -Xcc /Users/mac/Library/Developer/Xcode/DerivedData/Construkt-dmvdvjzlicdgipdixgirozdsnyxg/Build/Intermediates.noindex/Construkt.build/Debug-iphonesimulator/Construkt.build/Construkt-generated-files.hmap -Xcc -I/Users/mac/Library/Developer/Xcode/DerivedData/Construkt-dmvdvjzlicdgipdixgirozdsnyxg/Build/Intermediates.noindex/Construkt.build/Debug-iphonesimulator/Construkt.build/Construkt-own-target-headers.hmap -Xcc -I/Users/mac/Library/Developer/Xcode/DerivedData/Construkt-dmvdvjzlicdgipdixgirozdsnyxg/Build/Intermediates.noindex/Construkt.build/Debug-iphonesimulator/Construkt.build/Construkt-all-non-framework-target-headers.hmap -Xcc -ivfsoverlay -Xcc /Users/mac/Library/Developer/Xcode/DerivedData/Construkt-dmvdvjzlicdgipdixgirozdsnyxg/Build/Intermediates.noindex/Construkt.build/Debug-iphonesimulator/Construkt-85a6e12900ec93e9ca5ede5c97d4c68f-VFS-iphonesimulator/all-product-headers.yaml -Xcc -iquote -Xcc /Users/mac/Library/Developer/Xcode/DerivedData/Construkt-dmvdvjzlicdgipdixgirozdsnyxg/Build/Intermediates.noindex/Construkt.build/Debug-iphonesimulator/Construkt.build/Construkt-project-headers.hmap -Xcc -I/Users/mac/Library/Developer/Xcode/DerivedData/Construkt-dmvdvjzlicdgipdixgirozdsnyxg/SourcePackages/checkouts/RxSwift/Sources/RxCocoaRuntime/include -Xcc -I/Users/mac/Library/Developer/Xcode/DerivedData/Construkt-dmvdvjzlicdgipdixgirozdsnyxg/Build/Products/Debug-iphonesimulator/include -Xcc -I/Users/mac/Library/Developer/Xcode/DerivedData/Construkt-dmvdvjzlicdgipdixgirozdsnyxg/Build/Intermediates.noindex/Construkt.build/Debug-iphonesimulator/Construkt.build/DerivedSources-normal/x86_64 -Xcc -I/Users/mac/Library/Developer/Xcode/DerivedData/Construkt-dmvdvjzlicdgipdixgirozdsnyxg/Build/Intermediates.noindex/Construkt.build/Debug-iphonesimulator/Construkt.build/DerivedSources/x86_64 -Xcc -I/Users/mac/Library/Developer/Xcode/DerivedData/Construkt-dmvdvjzlicdgipdixgirozdsnyxg/Build/Intermediates.noindex/Construkt.build/Debug-iphonesimulator/Construkt.build/DerivedSources -Xcc -DDEBUG\=1 -emit-objc-header -emit-objc-header-path /Users/mac/Library/Developer/Xcode/DerivedData/Construkt-dmvdvjzlicdgipdixgirozdsnyxg/Build/Intermediates.noindex/Construkt.build/Debug-iphonesimulator/Construkt.build/Objects-normal/x86_64/Construkt-Swift.h -working-directory /Users/mac/Developer/pr0j3ct5/Construkt/Demo -experimental-emit-module-separately -disable-cmo
/Users/mac/Developer/pr0j3ct5/Construkt/Demo/Construkt/Application/Common/State/Builder+CollectionView+Pagination.swift:4:8: warning: file 'Builder+CollectionView+Pagination.swift' is part of module 'Construkt'; ignoring import
import Construkt
       ^
/Users/mac/Developer/pr0j3ct5/Construkt/Demo/Construkt/Application/Common/State/Builder+CollectionView+Pagination.swift:4:8: warning: file 'Builder+CollectionView+Pagination.swift' is part of module 'Construkt'; ignoring import
import Construkt
       ^
/Users/mac/Developer/pr0j3ct5/Construkt/Demo/Construkt/Application/Common/State/Builder+CollectionView+Pagination.swift:4:8: warning: File 'Builder+CollectionView+Pagination.swift' is part of module 'Construkt'; ignoring import
import Construkt
       ^ (in target 'Construkt' from project 'Construkt')

SwiftDriver Construkt normal arm64 com.apple.xcode.tools.swift.compiler (in target 'Construkt' from project 'Construkt')
    cd /Users/mac/Developer/pr0j3ct5/Construkt/Demo
    builtin-SwiftDriver -- /Applications/Xcode-26.3.0-Release.Candidate.app/Contents/Developer/Toolchains/XcodeDefault.xctoolchain/usr/bin/swiftc -module-name Construkt -Onone -enforce-exclusivity\=checked @/Users/mac/Library/Developer/Xcode/DerivedData/Construkt-dmvdvjzlicdgipdixgirozdsnyxg/Build/Intermediates.noindex/Construkt.build/Debug-iphonesimulator/Construkt.build/Objects-normal/arm64/Construkt.SwiftFileList -DDEBUG -Xcc -fmodule-map-file\=/Users/mac/Library/Developer/Xcode/DerivedData/Construkt-dmvdvjzlicdgipdixgirozdsnyxg/Build/Intermediates.noindex/GeneratedModuleMaps-iphonesimulator/RxCocoaRuntime.modulemap -enable-bare-slash-regex -enable-experimental-feature DebugDescriptionMacro -sdk /Applications/Xcode-26.3.0-Release.Candidate.app/Contents/Developer/Platforms/iPhoneSimulator.platform/Developer/SDKs/iPhoneSimulator26.2.sdk -target arm64-apple-ios15.0-simulator -g -module-cache-path /Users/mac/Library/Developer/Xcode/DerivedData/ModuleCache.noindex -Xfrontend -serialize-debugging-options -enable-testing -index-store-path /Users/mac/Library/Developer/Xcode/DerivedData/Construkt-dmvdvjzlicdgipdixgirozdsnyxg/Index.noindex/DataStore -Xcc -D_LIBCPP_HARDENING_MODE\=_LIBCPP_HARDENING_MODE_DEBUG -swift-version 5 -I /Users/mac/Library/Developer/Xcode/DerivedData/Construkt-dmvdvjzlicdgipdixgirozdsnyxg/Build/Products/Debug-iphonesimulator -F /Users/mac/Library/Developer/Xcode/DerivedData/Construkt-dmvdvjzlicdgipdixgirozdsnyxg/Build/Products/Debug-iphonesimulator/PackageFrameworks -F /Users/mac/Library/Developer/Xcode/DerivedData/Construkt-dmvdvjzlicdgipdixgirozdsnyxg/Build/Products/Debug-iphonesimulator/PackageFrameworks -F /Users/mac/Library/Developer/Xcode/DerivedData/Construkt-dmvdvjzlicdgipdixgirozdsnyxg/Build/Products/Debug-iphonesimulator/PackageFrameworks -F /Users/mac/Library/Developer/Xcode/DerivedData/Construkt-dmvdvjzlicdgipdixgirozdsnyxg/Build/Products/Debug-iphonesimulator/PackageFrameworks -F /Users/mac/Library/Developer/Xcode/DerivedData/Construkt-dmvdvjzlicdgipdixgirozdsnyxg/Build/Products/Debug-iphonesimulator/PackageFrameworks -F /Users/mac/Library/Developer/Xcode/DerivedData/Construkt-dmvdvjzlicdgipdixgirozdsnyxg/Build/Products/Debug-iphonesimulator/PackageFrameworks -F /Users/mac/Library/Developer/Xcode/DerivedData/Construkt-dmvdvjzlicdgipdixgirozdsnyxg/Build/Products/Debug-iphonesimulator -emit-localized-strings -emit-localized-strings-path /Users/mac/Library/Developer/Xcode/DerivedData/Construkt-dmvdvjzlicdgipdixgirozdsnyxg/Build/Intermediates.noindex/Construkt.build/Debug-iphonesimulator/Construkt.build/Objects-normal/arm64 -c -j8 -enable-batch-mode -incremental -Xcc -ivfsstatcache -Xcc /Users/mac/Library/Developer/Xcode/DerivedData/SDKStatCaches.noindex/iphonesimulator26.2-23C57-f44e675dadc9c75f5585c00552fb836d.sdkstatcache -output-file-map /Users/mac/Library/Developer/Xcode/DerivedData/Construkt-dmvdvjzlicdgipdixgirozdsnyxg/Build/Intermediates.noindex/Construkt.build/Debug-iphonesimulator/Construkt.build/Objects-normal/arm64/Construkt-OutputFileMap.json -use-frontend-parseable-output -save-temps -no-color-diagnostics -explicit-module-build -module-cache-path /Users/mac/Library/Developer/Xcode/DerivedData/Construkt-dmvdvjzlicdgipdixgirozdsnyxg/Build/Intermediates.noindex/SwiftExplicitPrecompiledModules -clang-scanner-module-cache-path /Users/mac/Library/Developer/Xcode/DerivedData/ModuleCache.noindex -sdk-module-cache-path /Users/mac/Library/Developer/Xcode/DerivedData/ModuleCache.noindex -serialize-diagnostics -emit-dependencies -emit-module -emit-module-path /Users/mac/Library/Developer/Xcode/DerivedData/Construkt-dmvdvjzlicdgipdixgirozdsnyxg/Build/Intermediates.noindex/Construkt.build/Debug-iphonesimulator/Construkt.build/Objects-normal/arm64/Construkt.swiftmodule -validate-clang-modules-once -clang-build-session-file /Users/mac/Library/Developer/Xcode/DerivedData/ModuleCache.noindex/Session.modulevalidation -Xcc -I/Users/mac/Library/Developer/Xcode/DerivedData/Construkt-dmvdvjzlicdgipdixgirozdsnyxg/Build/Intermediates.noindex/Construkt.build/Debug-iphonesimulator/Construkt.build/swift-overrides.hmap -emit-const-values -Xfrontend -const-gather-protocols-file -Xfrontend /Users/mac/Library/Developer/Xcode/DerivedData/Construkt-dmvdvjzlicdgipdixgirozdsnyxg/Build/Intermediates.noindex/Construkt.build/Debug-iphonesimulator/Construkt.build/Objects-normal/arm64/Construkt_const_extract_protocols.json -Xcc -iquote -Xcc /Users/mac/Library/Developer/Xcode/DerivedData/Construkt-dmvdvjzlicdgipdixgirozdsnyxg/Build/Intermediates.noindex/Construkt.build/Debug-iphonesimulator/Construkt.build/Construkt-generated-files.hmap -Xcc -I/Users/mac/Library/Developer/Xcode/DerivedData/Construkt-dmvdvjzlicdgipdixgirozdsnyxg/Build/Intermediates.noindex/Construkt.build/Debug-iphonesimulator/Construkt.build/Construkt-own-target-headers.hmap -Xcc -I/Users/mac/Library/Developer/Xcode/DerivedData/Construkt-dmvdvjzlicdgipdixgirozdsnyxg/Build/Intermediates.noindex/Construkt.build/Debug-iphonesimulator/Construkt.build/Construkt-all-non-framework-target-headers.hmap -Xcc -ivfsoverlay -Xcc /Users/mac/Library/Developer/Xcode/DerivedData/Construkt-dmvdvjzlicdgipdixgirozdsnyxg/Build/Intermediates.noindex/Construkt.build/Debug-iphonesimulator/Construkt-85a6e12900ec93e9ca5ede5c97d4c68f-VFS-iphonesimulator/all-product-headers.yaml -Xcc -iquote -Xcc /Users/mac/Library/Developer/Xcode/DerivedData/Construkt-dmvdvjzlicdgipdixgirozdsnyxg/Build/Intermediates.noindex/Construkt.build/Debug-iphonesimulator/Construkt.build/Construkt-project-headers.hmap -Xcc -I/Users/mac/Library/Developer/Xcode/DerivedData/Construkt-dmvdvjzlicdgipdixgirozdsnyxg/SourcePackages/checkouts/RxSwift/Sources/RxCocoaRuntime/include -Xcc -I/Users/mac/Library/Developer/Xcode/DerivedData/Construkt-dmvdvjzlicdgipdixgirozdsnyxg/Build/Products/Debug-iphonesimulator/include -Xcc -I/Users/mac/Library/Developer/Xcode/DerivedData/Construkt-dmvdvjzlicdgipdixgirozdsnyxg/Build/Intermediates.noindex/Construkt.build/Debug-iphonesimulator/Construkt.build/DerivedSources-normal/arm64 -Xcc -I/Users/mac/Library/Developer/Xcode/DerivedData/Construkt-dmvdvjzlicdgipdixgirozdsnyxg/Build/Intermediates.noindex/Construkt.build/Debug-iphonesimulator/Construkt.build/DerivedSources/arm64 -Xcc -I/Users/mac/Library/Developer/Xcode/DerivedData/Construkt-dmvdvjzlicdgipdixgirozdsnyxg/Build/Intermediates.noindex/Construkt.build/Debug-iphonesimulator/Construkt.build/DerivedSources -Xcc -DDEBUG\=1 -emit-objc-header -emit-objc-header-path /Users/mac/Library/Developer/Xcode/DerivedData/Construkt-dmvdvjzlicdgipdixgirozdsnyxg/Build/Intermediates.noindex/Construkt.build/Debug-iphonesimulator/Construkt.build/Objects-normal/arm64/Construkt-Swift.h -working-directory /Users/mac/Developer/pr0j3ct5/Construkt/Demo -experimental-emit-module-separately -disable-cmo
/Users/mac/Developer/pr0j3ct5/Construkt/Demo/Construkt/Application/Common/State/Builder+CollectionView+Pagination.swift:4:8: warning: File 'Builder+CollectionView+Pagination.swift' is part of module 'Construkt'; ignoring import
import Construkt
       ^ (in target 'Construkt' from project 'Construkt')

ProcessInfoPlistFile /Users/mac/Library/Developer/Xcode/DerivedData/Construkt-dmvdvjzlicdgipdixgirozdsnyxg/Build/Products/Debug-iphonesimulator/Construkt.app/Info.plist /Users/mac/Developer/pr0j3ct5/Construkt/Demo/Construkt/Info.plist (in target 'Construkt' from project 'Construkt')
    cd /Users/mac/Developer/pr0j3ct5/Construkt/Demo
    builtin-infoPlistUtility /Users/mac/Developer/pr0j3ct5/Construkt/Demo/Construkt/Info.plist -producttype com.apple.product-type.application -genpkginfo /Users/mac/Library/Developer/Xcode/DerivedData/Construkt-dmvdvjzlicdgipdixgirozdsnyxg/Build/Products/Debug-iphonesimulator/Construkt.app/PkgInfo -expandbuildsettings -format binary -platform iphonesimulator -additionalcontentfile /Users/mac/Library/Developer/Xcode/DerivedData/Construkt-dmvdvjzlicdgipdixgirozdsnyxg/Build/Intermediates.noindex/Construkt.build/Debug-iphonesimulator/Construkt.build/assetcatalog_generated_info.plist -scanforprivacyfile /Users/mac/Library/Developer/Xcode/DerivedData/Construkt-dmvdvjzlicdgipdixgirozdsnyxg/Build/Products/Debug-iphonesimulator/Construkt.app/RxSwift_RxCocoa.bundle -scanforprivacyfile /Users/mac/Library/Developer/Xcode/DerivedData/Construkt-dmvdvjzlicdgipdixgirozdsnyxg/Build/Products/Debug-iphonesimulator/Construkt.app/RxSwift_RxCocoaRuntime.bundle -scanforprivacyfile /Users/mac/Library/Developer/Xcode/DerivedData/Construkt-dmvdvjzlicdgipdixgirozdsnyxg/Build/Products/Debug-iphonesimulator/Construkt.app/RxSwift_RxRelay.bundle -scanforprivacyfile /Users/mac/Library/Developer/Xcode/DerivedData/Construkt-dmvdvjzlicdgipdixgirozdsnyxg/Build/Products/Debug-iphonesimulator/Construkt.app/RxSwift_RxSwift.bundle -scanforprivacyfile /Users/mac/Library/Developer/Xcode/DerivedData/Construkt-dmvdvjzlicdgipdixgirozdsnyxg/Build/Products/Debug-iphonesimulator/Construkt.app/SnapKit_SnapKit.bundle -o /Users/mac/Library/Developer/Xcode/DerivedData/Construkt-dmvdvjzlicdgipdixgirozdsnyxg/Build/Products/Debug-iphonesimulator/Construkt.app/Info.plist

SwiftCompile normal x86_64 Compiling\ MovieListViewController.swift,\ MovieListViewModel.swift,\ MovieViewModel.swift,\ UIColor+ext.swift,\ UIView+ext.swift,\ AppDelegate.swift,\ NavigationController.swift,\ SceneDelegate.swift,\ LoadableState+Rx.swift,\ Cast.swift,\ Genre.swift,\ Movie.swift,\ MovieDetail.swift,\ HTTPMethod.swift /Users/mac/Developer/pr0j3ct5/Construkt/Demo/Construkt/Application/Features/List/MovieListViewController.swift /Users/mac/Developer/pr0j3ct5/Construkt/Demo/Construkt/Application/Features/List/MovieListViewModel.swift /Users/mac/Developer/pr0j3ct5/Construkt/Demo/Construkt/Application/Features/Shared/MovieViewModel.swift /Users/mac/Developer/pr0j3ct5/Construkt/Demo/Construkt/Application/Helpers/UIColor+ext.swift /Users/mac/Developer/pr0j3ct5/Construkt/Demo/Construkt/Application/Helpers/UIView+ext.swift /Users/mac/Developer/pr0j3ct5/Construkt/Demo/Construkt/Application/AppDelegate.swift /Users/mac/Developer/pr0j3ct5/Construkt/Demo/Construkt/Application/NavigationController.swift /Users/mac/Developer/pr0j3ct5/Construkt/Demo/Construkt/Application/SceneDelegate.swift /Users/mac/Developer/pr0j3ct5/Construkt/Demo/Construkt/Extensions/LoadableState+Rx.swift /Users/mac/Developer/pr0j3ct5/Construkt/Demo/Construkt/Models/Cast.swift /Users/mac/Developer/pr0j3ct5/Construkt/Demo/Construkt/Models/Genre.swift /Users/mac/Developer/pr0j3ct5/Construkt/Demo/Construkt/Models/Movie.swift /Users/mac/Developer/pr0j3ct5/Construkt/Demo/Construkt/Models/MovieDetail.swift /Users/mac/Developer/pr0j3ct5/Construkt/Demo/Construkt/Networking/Core/HTTPMethod.swift (in target 'Construkt' from project 'Construkt')

SwiftCompile normal x86_64 /Users/mac/Developer/pr0j3ct5/Construkt/Demo/Construkt/Application/Features/List/MovieListViewController.swift (in target 'Construkt' from project 'Construkt')
    cd /Users/mac/Developer/pr0j3ct5/Construkt/Demo
    

SwiftCompile normal x86_64 /Users/mac/Developer/pr0j3ct5/Construkt/Demo/Construkt/Application/Features/List/MovieListViewModel.swift (in target 'Construkt' from project 'Construkt')
    cd /Users/mac/Developer/pr0j3ct5/Construkt/Demo
    

SwiftCompile normal x86_64 /Users/mac/Developer/pr0j3ct5/Construkt/Demo/Construkt/Application/Features/Shared/MovieViewModel.swift (in target 'Construkt' from project 'Construkt')
    cd /Users/mac/Developer/pr0j3ct5/Construkt/Demo
    

SwiftCompile normal x86_64 /Users/mac/Developer/pr0j3ct5/Construkt/Demo/Construkt/Application/Helpers/UIColor+ext.swift (in target 'Construkt' from project 'Construkt')
    cd /Users/mac/Developer/pr0j3ct5/Construkt/Demo
    

SwiftCompile normal x86_64 /Users/mac/Developer/pr0j3ct5/Construkt/Demo/Construkt/Application/Helpers/UIView+ext.swift (in target 'Construkt' from project 'Construkt')
    cd /Users/mac/Developer/pr0j3ct5/Construkt/Demo
    

SwiftCompile normal x86_64 /Users/mac/Developer/pr0j3ct5/Construkt/Demo/Construkt/Application/AppDelegate.swift (in target 'Construkt' from project 'Construkt')
    cd /Users/mac/Developer/pr0j3ct5/Construkt/Demo
    

SwiftCompile normal x86_64 /Users/mac/Developer/pr0j3ct5/Construkt/Demo/Construkt/Application/NavigationController.swift (in target 'Construkt' from project 'Construkt')
    cd /Users/mac/Developer/pr0j3ct5/Construkt/Demo
    

SwiftCompile normal x86_64 /Users/mac/Developer/pr0j3ct5/Construkt/Demo/Construkt/Application/SceneDelegate.swift (in target 'Construkt' from project 'Construkt')
    cd /Users/mac/Developer/pr0j3ct5/Construkt/Demo
    

SwiftCompile normal x86_64 /Users/mac/Developer/pr0j3ct5/Construkt/Demo/Construkt/Extensions/LoadableState+Rx.swift (in target 'Construkt' from project 'Construkt')
    cd /Users/mac/Developer/pr0j3ct5/Construkt/Demo
    

SwiftCompile normal x86_64 /Users/mac/Developer/pr0j3ct5/Construkt/Demo/Construkt/Models/Cast.swift (in target 'Construkt' from project 'Construkt')
    cd /Users/mac/Developer/pr0j3ct5/Construkt/Demo
    

SwiftCompile normal x86_64 /Users/mac/Developer/pr0j3ct5/Construkt/Demo/Construkt/Models/Genre.swift (in target 'Construkt' from project 'Construkt')
    cd /Users/mac/Developer/pr0j3ct5/Construkt/Demo
    

SwiftCompile normal x86_64 /Users/mac/Developer/pr0j3ct5/Construkt/Demo/Construkt/Models/Movie.swift (in target 'Construkt' from project 'Construkt')
    cd /Users/mac/Developer/pr0j3ct5/Construkt/Demo
    

SwiftCompile normal x86_64 /Users/mac/Developer/pr0j3ct5/Construkt/Demo/Construkt/Models/MovieDetail.swift (in target 'Construkt' from project 'Construkt')
    cd /Users/mac/Developer/pr0j3ct5/Construkt/Demo
    

SwiftCompile normal x86_64 /Users/mac/Developer/pr0j3ct5/Construkt/Demo/Construkt/Networking/Core/HTTPMethod.swift (in target 'Construkt' from project 'Construkt')
    cd /Users/mac/Developer/pr0j3ct5/Construkt/Demo
    

SwiftCompile normal x86_64 Compiling\ Builder+Attributes.swift,\ Builder+Button.swift,\ Builder+CollectionView+Pagination.swift,\ Builder+TableView+State.swift,\ LoadableState.swift,\ PaginationUtils.swift,\ StateContainer.swift,\ CustomNavigationBar.swift,\ GradientView.swift,\ SharedViews.swift,\ MovieCast.swift,\ MovieDetailHero.swift,\ MovieDetailNavBar.swift,\ MovieMetadata.swift /Users/mac/Developer/pr0j3ct5/Construkt/Sources/Construkt/Core/Builder/Builder+Attributes.swift /Users/mac/Developer/pr0j3ct5/Construkt/Sources/Construkt/Core/Builder/Builder+Button.swift /Users/mac/Developer/pr0j3ct5/Construkt/Demo/Construkt/Application/Common/State/Builder+CollectionView+Pagination.swift /Users/mac/Developer/pr0j3ct5/Construkt/Demo/Construkt/Application/Common/State/Builder+TableView+State.swift /Users/mac/Developer/pr0j3ct5/Construkt/Demo/Construkt/Application/Common/State/LoadableState.swift /Users/mac/Developer/pr0j3ct5/Construkt/Demo/Construkt/Application/Common/State/PaginationUtils.swift /Users/mac/Developer/pr0j3ct5/Construkt/Demo/Construkt/Application/Common/State/StateContainer.swift /Users/mac/Developer/pr0j3ct5/Construkt/Demo/Construkt/Application/Common/Views/CustomNavigationBar.swift /Users/mac/Developer/pr0j3ct5/Construkt/Demo/Construkt/Application/Common/Views/GradientView.swift /Users/mac/Developer/pr0j3ct5/Construkt/Demo/Construkt/Application/Common/Views/SharedViews.swift /Users/mac/Developer/pr0j3ct5/Construkt/Demo/Construkt/Application/Features/Detail/Components/MovieCast.swift /Users/mac/Developer/pr0j3ct5/Construkt/Demo/Construkt/Application/Features/Detail/Components/MovieDetailHero.swift /Users/mac/Developer/pr0j3ct5/Construkt/Demo/Construkt/Application/Features/Detail/Components/MovieDetailNavBar.swift /Users/mac/Developer/pr0j3ct5/Construkt/Demo/Construkt/Application/Features/Detail/Components/MovieMetadata.swift (in target 'Construkt' from project 'Construkt')
Failed frontend command:
/Applications/Xcode-26.3.0-Release.Candidate.app/Contents/Developer/Toolchains/XcodeDefault.xctoolchain/usr/bin/swift-frontend -frontend -c -primary-file /Users/mac/Developer/pr0j3ct5/Construkt/Sources/Construkt/Core/Builder/Builder+Attributes.swift -primary-file /Users/mac/Developer/pr0j3ct5/Construkt/Sources/Construkt/Core/Builder/Builder+Button.swift -primary-file /Users/mac/Developer/pr0j3ct5/Construkt/Demo/Construkt/Application/Common/State/Builder+CollectionView+Pagination.swift -primary-file /Users/mac/Developer/pr0j3ct5/Construkt/Demo/Construkt/Application/Common/State/Builder+TableView+State.swift -primary-file /Users/mac/Developer/pr0j3ct5/Construkt/Demo/Construkt/Application/Common/State/LoadableState.swift -primary-file /Users/mac/Developer/pr0j3ct5/Construkt/Demo/Construkt/Application/Common/State/PaginationUtils.swift -primary-file /Users/mac/Developer/pr0j3ct5/Construkt/Demo/Construkt/Application/Common/State/StateContainer.swift -primary-file /Users/mac/Developer/pr0j3ct5/Construkt/Demo/Construkt/Application/Common/Views/CustomNavigationBar.swift -primary-file /Users/mac/Developer/pr0j3ct5/Construkt/Demo/Construkt/Application/Common/Views/GradientView.swift -primary-file /Users/mac/Developer/pr0j3ct5/Construkt/Demo/Construkt/Application/Common/Views/SharedViews.swift -primary-file /Users/mac/Developer/pr0j3ct5/Construkt/Demo/Construkt/Application/Features/Detail/Components/MovieCast.swift -primary-file /Users/mac/Developer/pr0j3ct5/Construkt/Demo/Construkt/Application/Features/Detail/Components/MovieDetailHero.swift -primary-file /Users/mac/Developer/pr0j3ct5/Construkt/Demo/Construkt/Application/Features/Detail/Components/MovieDetailNavBar.swift -primary-file /Users/mac/Developer/pr0j3ct5/Construkt/Demo/Construkt/Application/Features/Detail/Components/MovieMetadata.swift /Users/mac/Developer/pr0j3ct5/Construkt/Demo/Construkt/Application/Features/Detail/Components/MovieSimilar.swift /Users/mac/Developer/pr0j3ct5/Construkt/Demo/Construkt/Application/Features/Detail/Components/MovieStoryline.swift /Users/mac/Developer/pr0j3ct5/Construkt/Demo/Construkt/Application/Features/Detail/MovieDetailViewController.swift /Users/mac/Developer/pr0j3ct5/Construkt/Demo/Construkt/Application/Features/Home/Cells/GenresCell.swift /Users/mac/Developer/pr0j3ct5/Construkt/Demo/Construkt/Application/Features/Home/Cells/PosterCell.swift /Users/mac/Developer/pr0j3ct5/Construkt/Demo/Construkt/Application/Features/Home/Cells/TopRatedCell.swift /Users/mac/Developer/pr0j3ct5/Construkt/Demo/Construkt/Application/Features/Home/Cells/UpcomingCell.swift /Users/mac/Developer/pr0j3ct5/Construkt/Demo/Construkt/Application/Features/Home/Components/HeroContentView.swift /Users/mac/Developer/pr0j3ct5/Construkt/Demo/Construkt/Application/Features/Home/Components/HomeNavigationBar.swift /Users/mac/Developer/pr0j3ct5/Construkt/Demo/Construkt/Application/Features/Home/Models/HomeSection.swift /Users/mac/Developer/pr0j3ct5/Construkt/Demo/Construkt/Application/Features/Home/Supplementaries/StandardHeader.swift /Users/mac/Developer/pr0j3ct5/Construkt/Demo/Construkt/Application/Features/Home/HomeViewController.swift /Users/mac/Developer/pr0j3ct5/Construkt/Demo/Construkt/Application/Features/List/Cells/MovieGridCell.swift /Users/mac/Developer/pr0j3ct5/Construkt/Demo/Construkt/Application/Features/List/Components/MovieListNavBar.swift /Users/mac/Developer/pr0j3ct5/Construkt/Demo/Construkt/Application/Features/List/MovieListViewController.swift /Users/mac/Developer/pr0j3ct5/Construkt/Demo/Construkt/Application/Features/List/MovieListViewModel.swift /Users/mac/Developer/pr0j3ct5/Construkt/Demo/Construkt/Application/Features/Shared/MovieViewModel.swift /Users/mac/Developer/pr0j3ct5/Construkt/Demo/Construkt/Application/Helpers/UIColor+ext.swift /Users/mac/Developer/pr0j3ct5/Construkt/Demo/Construkt/Application/Helpers/UIView+ext.swift /Users/mac/Developer/pr0j3ct5/Construkt/Demo/Construkt/Application/AppDelegate.swift /Users/mac/Developer/pr0j3ct5/Construkt/Demo/Construkt/Application/NavigationController.swift /Users/mac/Developer/pr0j3ct5/Construkt/Demo/Construkt/Application/SceneDelegate.swift /Users/mac/Developer/pr0j3ct5/Construkt/Demo/Construkt/Extensions/LoadableState+Rx.swift /Users/mac/Developer/pr0j3ct5/Construkt/Demo/Construkt/Models/Cast.swift /Users/mac/Developer/pr0j3ct5/Construkt/Demo/Construkt/Models/Genre.swift /Users/mac/Developer/pr0j3ct5/Construkt/Demo/Construkt/Models/Movie.swift /Users/mac/Developer/pr0j3ct5/Construkt/Demo/Construkt/Models/MovieDetail.swift /Users/mac/Developer/pr0j3ct5/Construkt/Demo/Construkt/Networking/Core/HTTPMethod.swift /Users/mac/Developer/pr0j3ct5/Construkt/Demo/Construkt/Networking/Core/NetworkClient.swift /Users/mac/Developer/pr0j3ct5/Construkt/Demo/Construkt/Networking/Core/NetworkConfiguration.swift /Users/mac/Developer/pr0j3ct5/Construkt/Demo/Construkt/Networking/Core/NetworkError.swift /Users/mac/Developer/pr0j3ct5/Construkt/Demo/Construkt/Networking/Core/TMDBConfiguration.swift /Users/mac/Developer/pr0j3ct5/Construkt/Demo/Construkt/Networking/Interceptors/LoggerInterceptor.swift /Users/mac/Developer/pr0j3ct5/Construkt/Demo/Construkt/Networking/Interceptors/RequestInterceptor.swift /Users/mac/Developer/pr0j3ct5/Construkt/Demo/Construkt/Networking/Interceptors/TMDBRequestInterceptor.swift /Users/mac/Developer/pr0j3ct5/Construkt/Demo/Construkt/Networking/Request/Endpoint.swift /Users/mac/Developer/pr0j3ct5/Construkt/Demo/Construkt/Networking/Request/MoviesEndpoint.swift /Users/mac/Developer/pr0j3ct5/Construkt/Demo/Construkt/Networking/Request/RequestBuilder.swift /Users/mac/Developer/pr0j3ct5/Construkt/Demo/Construkt/Services/MovieService.swift /Users/mac/Developer/pr0j3ct5/Construkt/Sources/Construkt/Core/Builder/Builder+Constraints.swift /Users/mac/Developer/pr0j3ct5/Construkt/Sources/Construkt/Components/CollectionView/CellController.swift /Users/mac/Developer/pr0j3ct5/Construkt/Sources/Construkt/Components/CollectionView/CellControllerAdapter.swift /Users/mac/Developer/pr0j3ct5/Construkt/Sources/Construkt/Components/CollectionView/CollectionListViewController.swift /Users/mac/Developer/pr0j3ct5/Construkt/Sources/Construkt/Components/CollectionView/DataSource.swift /Users/mac/Developer/pr0j3ct5/Construkt/Sources/Construkt/Components/CollectionView/HostingReusableView.swift /Users/mac/Developer/pr0j3ct5/Construkt/Sources/Construkt/Components/CollectionView/LayoutBuilder.swift /Users/mac/Developer/pr0j3ct5/Construkt/Sources/Construkt/Components/CollectionView/SectionController.swift /Users/mac/Developer/pr0j3ct5/Construkt/Sources/Construkt/Components/CollectionView/SupplementaryController.swift /Users/mac/Developer/pr0j3ct5/Construkt/Sources/Construkt/Components/SkeletonView/Skeleton.swift /Users/mac/Developer/pr0j3ct5/Construkt/Sources/Construkt/Components/SkeletonView/SkeletonConfig.swift /Users/mac/Developer/pr0j3ct5/Construkt/Sources/Construkt/Components/SkeletonView/SkeletonLayer.swift /Users/mac/Developer/pr0j3ct5/Construkt/Sources/Construkt/Components/SkeletonView/SkeletonView.swift /Users/mac/Developer/pr0j3ct5/Construkt/Sources/Construkt/Components/Views/ActivityIndicator.swift /Users/mac/Developer/pr0j3ct5/Construkt/Sources/Construkt/Core/Builder/CollectionView/Builder+Cell.swift /Users/mac/Developer/pr0j3ct5/Construkt/Sources/Construkt/Core/Builder/CollectionView/Builder+CollectionView.swift /Users/mac/Developer/pr0j3ct5/Construkt/Sources/Construkt/Core/Builder/CollectionView/Builder+Section.swift /Users/mac/Developer/pr0j3ct5/Construkt/Sources/Construkt/Core/Builder/Binding.swift /Users/mac/Developer/pr0j3ct5/Construkt/Sources/Construkt/Core/Builder/Binding+Operators.swift /Users/mac/Developer/pr0j3ct5/Construkt/Sources/Construkt/Core/Builder/Builder.swift /Users/mac/Developer/pr0j3ct5/Construkt/Sources/Construkt/Core/Builder/Builder+Bindings.swift /Users/mac/Developer/pr0j3ct5/Construkt/Sources/Construkt/Core/Builder/Builder+Container.swift /Users/mac/Developer/pr0j3ct5/Construkt/Sources/Construkt/Core/Builder/Builder+Context.swift /Users/mac/Developer/pr0j3ct5/Construkt/Sources/Construkt/Core/Builder/Builder+Controls.swift /Users/mac/Developer/pr0j3ct5/Construkt/Sources/Construkt/Core/Builder/Builder+Divider.swift /Users/mac/Developer/pr0j3ct5/Construkt/Sources/Construkt/Core/Builder/Builder+Dynamic.swift /Users/mac/Developer/pr0j3ct5/Construkt/Sources/Construkt/Core/Builder/Builder+Extensions.swift /Users/mac/Developer/pr0j3ct5/Construkt/Sources/Construkt/Core/Builder/Builder+ForEach.swift /Users/mac/Developer/pr0j3ct5/Construkt/Sources/Construkt/Core/Builder/Builder+Gestures.swift /Users/mac/Developer/pr0j3ct5/Construkt/Sources/Construkt/Core/Builder/Builder+Group.swift /Users/mac/Developer/pr0j3ct5/Construkt/Sources/Construkt/Core/Builder/Builder+Image.swift /Users/mac/Developer/pr0j3ct5/Construkt/Sources/Construkt/Core/Builder/Builder+Label.swift /Users/mac/Developer/pr0j3ct5/Construkt/Sources/Construkt/Core/Builder/Builder+Navigation.swift /Users/mac/Developer/pr0j3ct5/Construkt/Sources/Construkt/Core/Builder/Builder+Padding.swift /Users/mac/Developer/pr0j3ct5/Construkt/Sources/Construkt/Core/Builder/Builder+ScrollView.swift /Users/mac/Developer/pr0j3ct5/Construkt/Sources/Construkt/Core/Builder/Builder+Spacer.swift /Users/mac/Developer/pr0j3ct5/Construkt/Sources/Construkt/Core/Builder/Builder+Stack.swift /Users/mac/Developer/pr0j3ct5/Construkt/Sources/Construkt/Core/Builder/Builder+Styles.swift /Users/mac/Developer/pr0j3ct5/Construkt/Sources/Construkt/Core/Builder/Builder+Switch.swift /Users/mac/Developer/pr0j3ct5/Construkt/Sources/Construkt/Core/Builder/Builder+TableView.swift /Users/mac/Developer/pr0j3ct5/Construkt/Sources/Construkt/Core/Builder/Builder+TextField.swift /Users/mac/Developer/pr0j3ct5/Construkt/Sources/Construkt/Core/Builder/Builder+Variable.swift /Users/mac/Developer/pr0j3ct5/Construkt/Sources/Construkt/Core/Builder/Builder+View.swift /Users/mac/Developer/pr0j3ct5/Construkt/Sources/Construkt/Core/Builder/Builder+ViewController.swift /Users/mac/Developer/pr0j3ct5/Construkt/Sources/Construkt/Core/Builder/Builder+With.swift /Users/mac/Developer/pr0j3ct5/Construkt/Sources/Construkt/Core/Builder/Builder+ZStack.swift /Users/mac/Developer/pr0j3ct5/Construkt/Sources/Construkt/Core/Builder/CancelBag.swift /Users/mac/Developer/pr0j3ct5/Construkt/Sources/Construkt/Core/Builder/Property.swift /Users/mac/Developer/pr0j3ct5/Construkt/Sources/Construkt/Core/Builder/Signal.swift /Users/mac/Developer/pr0j3ct5/Construkt/Sources/Construkt/Core/Extensions/UIColor+Extensions.swift /Users/mac/Developer/pr0j3ct5/Construkt/Sources/Construkt/Core/Extensions/UIImage+Extensions.swift /Users/mac/Developer/pr0j3ct5/Construkt/Sources/Construkt/Core/Extensions/UIImageView+Remote.swift /Users/mac/Developer/pr0j3ct5/Construkt/Sources/Construkt/Extensions/Collection.swift /Users/mac/Developer/pr0j3ct5/Construkt/Sources/Construkt/Extensions/NSCollectionLayout.swift /Users/mac/Developer/pr0j3ct5/Construkt/Sources/Construkt/Extensions/Then.swift /Users/mac/Developer/pr0j3ct5/Construkt/Sources/Construkt/Extensions/UICollectionView.swift /Users/mac/Library/Developer/Xcode/DerivedData/Construkt-dmvdvjzlicdgipdixgirozdsnyxg/Build/Intermediates.noindex/Construkt.build/Debug-iphonesimulator/Construkt.build/DerivedSources/GeneratedAssetSymbols.swift -supplementary-output-file-map /Users/mac/Library/Developer/Xcode/DerivedData/Construkt-dmvdvjzlicdgipdixgirozdsnyxg/Build/Intermediates.noindex/Construkt.build/Debug-iphonesimulator/Construkt.build/Objects-normal/x86_64/supplementaryOutputs-4 -emit-localized-strings -emit-localized-strings-path /Users/mac/Library/Developer/Xcode/DerivedData/Construkt-dmvdvjzlicdgipdixgirozdsnyxg/Build/Intermediates.noindex/Construkt.build/Debug-iphonesimulator/Construkt.build/Objects-normal/x86_64 -target x86_64-apple-ios15.0-simulator -module-can-import-version DeveloperToolsSupport 23.0.4 23.0.4 -module-can-import-version SwiftUI 7.2.5.1 7.2.5 -module-can-import-version UIKit 9126.2.4.1 9126.2.4 -load-resolved-plugin /Applications/Xcode-26.3.0-Release.Candidate.app/Contents/Developer/Platforms/iPhoneOS.platform/Developer/usr/lib/swift/host/plugins/libFoundationMacros.dylib\#/Applications/Xcode-26.3.0-Release.Candidate.app/Contents/Developer/Platforms/iPhoneOS.platform/Developer/usr/bin/swift-plugin-server\#FoundationMacros -load-resolved-plugin /Applications/Xcode-26.3.0-Release.Candidate.app/Contents/Developer/Platforms/iPhoneOS.platform/Developer/usr/lib/swift/host/plugins/libObservationMacros.dylib\#/Applications/Xcode-26.3.0-Release.Candidate.app/Contents/Developer/Platforms/iPhoneOS.platform/Developer/usr/bin/swift-plugin-server\#ObservationMacros -load-resolved-plugin /Applications/Xcode-26.3.0-Release.Candidate.app/Contents/Developer/Platforms/iPhoneOS.platform/Developer/usr/lib/swift/host/plugins/libPreviewsMacros.dylib\#/Applications/Xcode-26.3.0-Release.Candidate.app/Contents/Developer/Platforms/iPhoneOS.platform/Developer/usr/bin/swift-plugin-server\#PreviewsMacros -load-resolved-plugin /Applications/Xcode-26.3.0-Release.Candidate.app/Contents/Developer/Platforms/iPhoneOS.platform/Developer/usr/lib/swift/host/plugins/libSwiftMacros.dylib\#/Applications/Xcode-26.3.0-Release.Candidate.app/Contents/Developer/Platforms/iPhoneOS.platform/Developer/usr/bin/swift-plugin-server\#SwiftMacros -load-resolved-plugin /Applications/Xcode-26.3.0-Release.Candidate.app/Contents/Developer/Platforms/iPhoneOS.platform/Developer/usr/lib/swift/host/plugins/libSwiftUIMacros.dylib\#/Applications/Xcode-26.3.0-Release.Candidate.app/Contents/Developer/Platforms/iPhoneOS.platform/Developer/usr/bin/swift-plugin-server\#SwiftUIMacros -disable-implicit-swift-modules -Xcc -fno-implicit-modules -Xcc -fno-implicit-module-maps -explicit-swift-module-map-file /Users/mac/Library/Developer/Xcode/DerivedData/Construkt-dmvdvjzlicdgipdixgirozdsnyxg/Build/Intermediates.noindex/Construkt.build/Debug-iphonesimulator/Construkt.build/Objects-normal/x86_64/Construkt-dependencies-2.json -enable-objc-interop -sdk /Applications/Xcode-26.3.0-Release.Candidate.app/Contents/Developer/Platforms/iPhoneSimulator.platform/Developer/SDKs/iPhoneSimulator26.2.sdk -I /Users/mac/Library/Developer/Xcode/DerivedData/Construkt-dmvdvjzlicdgipdixgirozdsnyxg/Build/Products/Debug-iphonesimulator -F /Users/mac/Library/Developer/Xcode/DerivedData/Construkt-dmvdvjzlicdgipdixgirozdsnyxg/Build/Products/Debug-iphonesimulator/PackageFrameworks -F /Users/mac/Library/Developer/Xcode/DerivedData/Construkt-dmvdvjzlicdgipdixgirozdsnyxg/Build/Products/Debug-iphonesimulator/PackageFrameworks -F /Users/mac/Library/Developer/Xcode/DerivedData/Construkt-dmvdvjzlicdgipdixgirozdsnyxg/Build/Products/Debug-iphonesimulator/PackageFrameworks -F /Users/mac/Library/Developer/Xcode/DerivedData/Construkt-dmvdvjzlicdgipdixgirozdsnyxg/Build/Products/Debug-iphonesimulator/PackageFrameworks -F /Users/mac/Library/Developer/Xcode/DerivedData/Construkt-dmvdvjzlicdgipdixgirozdsnyxg/Build/Products/Debug-iphonesimulator/PackageFrameworks -F /Users/mac/Library/Developer/Xcode/DerivedData/Construkt-dmvdvjzlicdgipdixgirozdsnyxg/Build/Products/Debug-iphonesimulator/PackageFrameworks -F /Users/mac/Library/Developer/Xcode/DerivedData/Construkt-dmvdvjzlicdgipdixgirozdsnyxg/Build/Products/Debug-iphonesimulator -no-color-diagnostics -Xcc -fno-color-diagnostics -enable-testing -g -debug-info-format\=dwarf -dwarf-version\=4 -module-cache-path /Users/mac/Library/Developer/Xcode/DerivedData/Construkt-dmvdvjzlicdgipdixgirozdsnyxg/Build/Intermediates.noindex/SwiftExplicitPrecompiledModules -swift-version 5 -enforce-exclusivity\=checked -Onone -D DEBUG -serialize-debugging-options -const-gather-protocols-file /Users/mac/Library/Developer/Xcode/DerivedData/Construkt-dmvdvjzlicdgipdixgirozdsnyxg/Build/Intermediates.noindex/Construkt.build/Debug-iphonesimulator/Construkt.build/Objects-normal/x86_64/Construkt_const_extract_protocols.json -enable-experimental-feature DebugDescriptionMacro -enable-bare-slash-regex -empty-abi-descriptor -validate-clang-modules-once -clang-build-session-file /Users/mac/Library/Developer/Xcode/DerivedData/ModuleCache.noindex/Session.modulevalidation -Xcc -working-directory -Xcc /Users/mac/Developer/pr0j3ct5/Construkt/Demo -enable-anonymous-context-mangled-names -file-compilation-dir /Users/mac/Developer/pr0j3ct5/Construkt/Demo -Xcc -fmodule-map-file\=/Users/mac/Library/Developer/Xcode/DerivedData/Construkt-dmvdvjzlicdgipdixgirozdsnyxg/Build/Intermediates.noindex/GeneratedModuleMaps-iphonesimulator/RxCocoaRuntime.modulemap -Xcc -D_LIBCPP_HARDENING_MODE\=_LIBCPP_HARDENING_MODE_DEBUG -Xcc -ivfsstatcache -Xcc /Users/mac/Library/Developer/Xcode/DerivedData/SDKStatCaches.noindex/iphonesimulator26.2-23C57-f44e675dadc9c75f5585c00552fb836d.sdkstatcache -Xcc -I/Users/mac/Library/Developer/Xcode/DerivedData/Construkt-dmvdvjzlicdgipdixgirozdsnyxg/Build/Intermediates.noindex/Construkt.build/Debug-iphonesimulator/Construkt.build/swift-overrides.hmap -Xcc -iquote -Xcc /Users/mac/Library/Developer/Xcode/DerivedData/Construkt-dmvdvjzlicdgipdixgirozdsnyxg/Build/Intermediates.noindex/Construkt.build/Debug-iphonesimulator/Construkt.build/Construkt-generated-files.hmap -Xcc -I/Users/mac/Library/Developer/Xcode/DerivedData/Construkt-dmvdvjzlicdgipdixgirozdsnyxg/Build/Intermediates.noindex/Construkt.build/Debug-iphonesimulator/Construkt.build/Construkt-own-target-headers.hmap -Xcc -I/Users/mac/Library/Developer/Xcode/DerivedData/Construkt-dmvdvjzlicdgipdixgirozdsnyxg/Build/Intermediates.noindex/Construkt.build/Debug-iphonesimulator/Construkt.build/Construkt-all-non-framework-target-headers.hmap -Xcc -ivfsoverlay -Xcc /Users/mac/Library/Developer/Xcode/DerivedData/Construkt-dmvdvjzlicdgipdixgirozdsnyxg/Build/Intermediates.noindex/Construkt.build/Debug-iphonesimulator/Construkt-85a6e12900ec93e9ca5ede5c97d4c68f-VFS-iphonesimulator/all-product-headers.yaml -Xcc -iquote -Xcc /Users/mac/Library/Developer/Xcode/DerivedData/Construkt-dmvdvjzlicdgipdixgirozdsnyxg/Build/Intermediates.noindex/Construkt.build/Debug-iphonesimulator/Construkt.build/Construkt-project-headers.hmap -Xcc -I/Users/mac/Library/Developer/Xcode/DerivedData/Construkt-dmvdvjzlicdgipdixgirozdsnyxg/SourcePackages/checkouts/RxSwift/Sources/RxCocoaRuntime/include -Xcc -I/Users/mac/Library/Developer/Xcode/DerivedData/Construkt-dmvdvjzlicdgipdixgirozdsnyxg/Build/Products/Debug-iphonesimulator/include -Xcc -I/Users/mac/Library/Developer/Xcode/DerivedData/Construkt-dmvdvjzlicdgipdixgirozdsnyxg/Build/Intermediates.noindex/Construkt.build/Debug-iphonesimulator/Construkt.build/DerivedSources-normal/x86_64 -Xcc -I/Users/mac/Library/Developer/Xcode/DerivedData/Construkt-dmvdvjzlicdgipdixgirozdsnyxg/Build/Intermediates.noindex/Construkt.build/Debug-iphonesimulator/Construkt.build/DerivedSources/x86_64 -Xcc -I/Users/mac/Library/Developer/Xcode/DerivedData/Construkt-dmvdvjzlicdgipdixgirozdsnyxg/Build/Intermediates.noindex/Construkt.build/Debug-iphonesimulator/Construkt.build/DerivedSources -Xcc -DDEBUG\=1 -no-auto-bridging-header-chaining -module-name Construkt -frontend-parseable-output -disable-clang-spi -target-sdk-version 26.2 -target-sdk-name iphonesimulator26.2 -clang-target x86_64-apple-ios26.2-simulator -in-process-plugin-server-path /Applications/Xcode-26.3.0-Release.Candidate.app/Contents/Developer/Toolchains/XcodeDefault.xctoolchain/usr/lib/swift/host/libSwiftInProcPluginServer.dylib -o /Users/mac/Library/Developer/Xcode/DerivedData/Construkt-dmvdvjzlicdgipdixgirozdsnyxg/Build/Intermediates.noindex/Construkt.build/Debug-iphonesimulator/Construkt.build/Objects-normal/x86_64/Builder+Attributes-eb7072e991f80b90957e52dd821aac68.o -o /Users/mac/Library/Developer/Xcode/DerivedData/Construkt-dmvdvjzlicdgipdixgirozdsnyxg/Build/Intermediates.noindex/Construkt.build/Debug-iphonesimulator/Construkt.build/Objects-normal/x86_64/Builder+Button-834adc889ba738bbbcbec7ae5abcfbaa.o -o /Users/mac/Library/Developer/Xcode/DerivedData/Construkt-dmvdvjzlicdgipdixgirozdsnyxg/Build/Intermediates.noindex/Construkt.build/Debug-iphonesimulator/Construkt.build/Objects-normal/x86_64/Builder+CollectionView+Pagination.o -o /Users/mac/Library/Developer/Xcode/DerivedData/Construkt-dmvdvjzlicdgipdixgirozdsnyxg/Build/Intermediates.noindex/Construkt.build/Debug-iphonesimulator/Construkt.build/Objects-normal/x86_64/Builder+TableView+State.o -o /Users/mac/Library/Developer/Xcode/DerivedData/Construkt-dmvdvjzlicdgipdixgirozdsnyxg/Build/Intermediates.noindex/Construkt.build/Debug-iphonesimulator/Construkt.build/Objects-normal/x86_64/LoadableState.o -o /Users/mac/Library/Developer/Xcode/DerivedData/Construkt-dmvdvjzlicdgipdixgirozdsnyxg/Build/Intermediates.noindex/Construkt.build/Debug-iphonesimulator/Construkt.build/Objects-normal/x86_64/PaginationUtils.o -o /Users/mac/Library/Developer/Xcode/DerivedData/Construkt-dmvdvjzlicdgipdixgirozdsnyxg/Build/Intermediates.noindex/Construkt.build/Debug-iphonesimulator/Construkt.build/Objects-normal/x86_64/StateContainer.o -o /Users/mac/Library/Developer/Xcode/DerivedData/Construkt-dmvdvjzlicdgipdixgirozdsnyxg/Build/Intermediates.noindex/Construkt.build/Debug-iphonesimulator/Construkt.build/Objects-normal/x86_64/CustomNavigationBar.o -o /Users/mac/Library/Developer/Xcode/DerivedData/Construkt-dmvdvjzlicdgipdixgirozdsnyxg/Build/Intermediates.noindex/Construkt.build/Debug-iphonesimulator/Construkt.build/Objects-normal/x86_64/GradientView.o -o /Users/mac/Library/Developer/Xcode/DerivedData/Construkt-dmvdvjzlicdgipdixgirozdsnyxg/Build/Intermediates.noindex/Construkt.build/Debug-iphonesimulator/Construkt.build/Objects-normal/x86_64/SharedViews.o -o /Users/mac/Library/Developer/Xcode/DerivedData/Construkt-dmvdvjzlicdgipdixgirozdsnyxg/Build/Intermediates.noindex/Construkt.build/Debug-iphonesimulator/Construkt.build/Objects-normal/x86_64/MovieCast.o -o /Users/mac/Library/Developer/Xcode/DerivedData/Construkt-dmvdvjzlicdgipdixgirozdsnyxg/Build/Intermediates.noindex/Construkt.build/Debug-iphonesimulator/Construkt.build/Objects-normal/x86_64/MovieDetailHero.o -o /Users/mac/Library/Developer/Xcode/DerivedData/Construkt-dmvdvjzlicdgipdixgirozdsnyxg/Build/Intermediates.noindex/Construkt.build/Debug-iphonesimulator/Construkt.build/Objects-normal/x86_64/MovieDetailNavBar.o -o /Users/mac/Library/Developer/Xcode/DerivedData/Construkt-dmvdvjzlicdgipdixgirozdsnyxg/Build/Intermediates.noindex/Construkt.build/Debug-iphonesimulator/Construkt.build/Objects-normal/x86_64/MovieMetadata.o -index-unit-output-path /Construkt.build/Debug-iphonesimulator/Construkt.build/Objects-normal/x86_64/Builder+Attributes-eb7072e991f80b90957e52dd821aac68.o -index-unit-output-path /Construkt.build/Debug-iphonesimulator/Construkt.build/Objects-normal/x86_64/Builder+Button-834adc889ba738bbbcbec7ae5abcfbaa.o -index-unit-output-path /Construkt.build/Debug-iphonesimulator/Construkt.build/Objects-normal/x86_64/Builder+CollectionView+Pagination.o -index-unit-output-path /Construkt.build/Debug-iphonesimulator/Construkt.build/Objects-normal/x86_64/Builder+TableView+State.o -index-unit-output-path /Construkt.build/Debug-iphonesimulator/Construkt.build/Objects-normal/x86_64/LoadableState.o -index-unit-output-path /Construkt.build/Debug-iphonesimulator/Construkt.build/Objects-normal/x86_64/PaginationUtils.o -index-unit-output-path /Construkt.build/Debug-iphonesimulator/Construkt.build/Objects-normal/x86_64/StateContainer.o -index-unit-output-path /Construkt.build/Debug-iphonesimulator/Construkt.build/Objects-normal/x86_64/CustomNavigationBar.o -index-unit-output-path /Construkt.build/Debug-iphonesimulator/Construkt.build/Objects-normal/x86_64/GradientView.o -index-unit-output-path /Construkt.build/Debug-iphonesimulator/Construkt.build/Objects-normal/x86_64/SharedViews.o -index-unit-output-path /Construkt.build/Debug-iphonesimulator/Construkt.build/Objects-normal/x86_64/MovieCast.o -index-unit-output-path /Construkt.build/Debug-iphonesimulator/Construkt.build/Objects-normal/x86_64/MovieDetailHero.o -index-unit-output-path /Construkt.build/Debug-iphonesimulator/Construkt.build/Objects-normal/x86_64/MovieDetailNavBar.o -index-unit-output-path /Construkt.build/Debug-iphonesimulator/Construkt.build/Objects-normal/x86_64/MovieMetadata.o -index-store-path /Users/mac/Library/Developer/Xcode/DerivedData/Construkt-dmvdvjzlicdgipdixgirozdsnyxg/Index.noindex/DataStore -index-system-modules

SwiftCompile normal x86_64 /Users/mac/Developer/pr0j3ct5/Construkt/Sources/Construkt/Core/Builder/Builder+Attributes.swift (in target 'Construkt' from project 'Construkt')
    cd /Users/mac/Developer/pr0j3ct5/Construkt/Demo
    

SwiftCompile normal x86_64 /Users/mac/Developer/pr0j3ct5/Construkt/Sources/Construkt/Core/Builder/Builder+Button.swift (in target 'Construkt' from project 'Construkt')
    cd /Users/mac/Developer/pr0j3ct5/Construkt/Demo
    
/Users/mac/Developer/pr0j3ct5/Construkt/Sources/Construkt/Core/Builder/Builder+Button.swift:113:73: error: cannot find 'MainScheduler' in scope
                .throttle(.milliseconds(300), latest: false, scheduler: MainScheduler.instance)
                                                                        ^~~~~~~~~~~~~
/Users/mac/Developer/pr0j3ct5/Construkt/Sources/Construkt/Core/Builder/Builder+Button.swift:115:36: error: cannot convert value of type 'CancelBag' to expected argument type 'DisposeBag'
                .disposed(by: view.cancelBag)
                                   ^
/Users/mac/Developer/pr0j3ct5/Construkt/Sources/Construkt/Core/Builder/Builder+Button.swift:124:14: warning: 'contentEdgeInsets' was deprecated in iOS 15.0: This property is ignored when using UIButtonConfiguration
        self.contentEdgeInsets = padding
             ^

SwiftCompile normal x86_64 /Users/mac/Developer/pr0j3ct5/Construkt/Demo/Construkt/Application/Common/State/Builder+CollectionView+Pagination.swift (in target 'Construkt' from project 'Construkt')
    cd /Users/mac/Developer/pr0j3ct5/Construkt/Demo
    
/Users/mac/Developer/pr0j3ct5/Construkt/Demo/Construkt/Application/Common/State/Builder+CollectionView+Pagination.swift:4:8: warning: file 'Builder+CollectionView+Pagination.swift' is part of module 'Construkt'; ignoring import
import Construkt
       ^
/Users/mac/Developer/pr0j3ct5/Construkt/Demo/Construkt/Application/Common/State/Builder+CollectionView+Pagination.swift:7:24: error: cannot find type 'RxBinding' in scope
    func pagination<B: RxBinding>(
                       ^~~~~~~~~
/Users/mac/Developer/pr0j3ct5/Construkt/Demo/Construkt/Application/Common/State/Builder+CollectionView+Pagination.swift:11:33: error: 'T' is not a member type of type 'B'
    ) -> CollectionView where B.T == ListPaginationModel {
                              ~ ^
/Users/mac/Developer/pr0j3ct5/Construkt/Demo/Construkt/Application/Common/State/Builder+CollectionView+Pagination.swift:17:39: error: value of type 'B' has no member 'asObservable'
        let stateObservable = binding.asObservable()
                              ~~~~~~~ ^~~~~~~~~~~~
/Users/mac/Developer/pr0j3ct5/Construkt/Demo/Construkt/Application/Common/State/Builder+CollectionView+Pagination.swift:37:42: error: value of type 'CollectionViewWrapperView' has no member 'rxDisposeBag'
            .disposed(by: modifiableView.rxDisposeBag)
                          ~~~~~~~~~~~~~~ ^~~~~~~~~~~~
/Users/mac/Developer/pr0j3ct5/Construkt/Demo/Construkt/Application/Common/State/Builder+CollectionView+Pagination.swift:23:34: error: reference to member 'isDragging' cannot be resolved without a contextual type
                guard scrollView.isDragging else { return }
                                 ^

SwiftCompile normal x86_64 /Users/mac/Developer/pr0j3ct5/Construkt/Demo/Construkt/Application/Common/State/Builder+TableView+State.swift (in target 'Construkt' from project 'Construkt')
    cd /Users/mac/Developer/pr0j3ct5/Construkt/Demo
    

SwiftCompile normal x86_64 /Users/mac/Developer/pr0j3ct5/Construkt/Demo/Construkt/Application/Common/State/LoadableState.swift (in target 'Construkt' from project 'Construkt')
    cd /Users/mac/Developer/pr0j3ct5/Construkt/Demo
    

SwiftCompile normal x86_64 /Users/mac/Developer/pr0j3ct5/Construkt/Demo/Construkt/Application/Common/State/PaginationUtils.swift (in target 'Construkt' from project 'Construkt')
    cd /Users/mac/Developer/pr0j3ct5/Construkt/Demo
    

SwiftCompile normal x86_64 /Users/mac/Developer/pr0j3ct5/Construkt/Demo/Construkt/Application/Common/State/StateContainer.swift (in target 'Construkt' from project 'Construkt')
    cd /Users/mac/Developer/pr0j3ct5/Construkt/Demo
    
/Users/mac/Developer/pr0j3ct5/Construkt/Demo/Construkt/Application/Common/State/StateContainer.swift:49:12: error: type 'Variable<T>' does not conform to protocol 'ViewBinding'
    public init(
           ^
/Users/mac/Developer/pr0j3ct5/Construkt/Sources/Construkt/Core/Builder/Builder+Variable.swift:77:66: error: protocol 'Observable' does not have primary associated types that can be constrained
    public func observe(on scheduler: ImmediateSchedulerType) -> Observable<T> {
                                                                 ^         ~~~
                                                                           
Observation.Observable:2:17: note: 'Observable' declared here
public protocol Observable {
                ^
/Users/mac/Developer/pr0j3ct5/Construkt/Sources/Construkt/Core/Builder/Builder+Variable.swift:77:39: error: cannot find type 'ImmediateSchedulerType' in scope
    public func observe(on scheduler: ImmediateSchedulerType) -> Observable<T> {
                                      ^~~~~~~~~~~~~~~~~~~~~~
/Users/mac/Developer/pr0j3ct5/Construkt/Demo/Construkt/Application/Common/State/StateContainer.swift:58:25: error: extraneous argument label 'on:' in call
        variable.observe(on: MainScheduler.instance)
                        ^~~~~
                         
/Users/mac/Developer/pr0j3ct5/Construkt/Demo/Construkt/Application/Common/State/StateContainer.swift:58:44: error: cannot convert value of type 'MainScheduler' to expected argument type '(Variable<State>.Value) -> Void'
        variable.observe(on: MainScheduler.instance)
                                           ^
/Users/mac/Developer/pr0j3ct5/Construkt/Demo/Construkt/Application/Common/State/StateContainer.swift:59:14: error: value of type 'any AnyCancellableLifecycle' has no member 'subscribe'
            .subscribe(onNext: { [weak self] state in
             ^~~~~~~~~

SwiftCompile normal x86_64 /Users/mac/Developer/pr0j3ct5/Construkt/Demo/Construkt/Application/Common/Views/CustomNavigationBar.swift (in target 'Construkt' from project 'Construkt')
    cd /Users/mac/Developer/pr0j3ct5/Construkt/Demo
    

SwiftCompile normal x86_64 /Users/mac/Developer/pr0j3ct5/Construkt/Demo/Construkt/Application/Common/Views/GradientView.swift (in target 'Construkt' from project 'Construkt')
    cd /Users/mac/Developer/pr0j3ct5/Construkt/Demo
    

SwiftCompile normal x86_64 /Users/mac/Developer/pr0j3ct5/Construkt/Demo/Construkt/Application/Common/Views/SharedViews.swift (in target 'Construkt' from project 'Construkt')
    cd /Users/mac/Developer/pr0j3ct5/Construkt/Demo
    

SwiftCompile normal x86_64 /Users/mac/Developer/pr0j3ct5/Construkt/Demo/Construkt/Application/Features/Detail/Components/MovieCast.swift (in target 'Construkt' from project 'Construkt')
    cd /Users/mac/Developer/pr0j3ct5/Construkt/Demo
    
/Users/mac/Developer/pr0j3ct5/Construkt/Demo/Construkt/Application/Features/Detail/Components/MovieCast.swift:24:22: error: instance method 'onReceive' requires that 'Observable<[any View]>' conform to 'ViewBinding'
                    .onReceive(casts.map { createCastViews(from: $0) }) { context in
                     ^
/Users/mac/Developer/pr0j3ct5/Construkt/Sources/Construkt/Core/Builder/Builder+Bindings.swift:68:17: note: where 'B' = 'Observable<[any View]>'
    public func onReceive<B: ViewBinding, T>(_ binding: B, _ handler: @escaping (_ view: Base, _ value: T) -> Void) -> ViewModifier<Base> where B.Value == T {
                ^
/Users/mac/Developer/pr0j3ct5/Construkt/Demo/Construkt/Application/Features/Detail/Components/MovieCast.swift:37:10: error: instance method 'onReceive' requires that 'Observable<Bool>' conform to 'ViewBinding'
        .onReceive(casts.map { $0.isEmpty }) { context in
         ^
/Users/mac/Developer/pr0j3ct5/Construkt/Sources/Construkt/Core/Builder/Builder+Bindings.swift:68:17: note: where 'B' = 'Observable<Bool>'
    public func onReceive<B: ViewBinding, T>(_ binding: B, _ handler: @escaping (_ view: Base, _ value: T) -> Void) -> ViewModifier<Base> where B.Value == T {
                ^
/Users/mac/Developer/pr0j3ct5/Construkt/Demo/Construkt/Application/Features/Detail/Components/MovieCast.swift:24:75: error: contextual closure type '(BuilderInternalUIStackView, _) -> Void' expects 2 arguments, but 1 was used in closure body
                    .onReceive(casts.map { createCastViews(from: $0) }) { context in
                                                                          ^
                                                                                 ,<#arg#> 
/Users/mac/Developer/pr0j3ct5/Construkt/Demo/Construkt/Application/Features/Detail/Components/MovieCast.swift:25:33: error: value of type 'BuilderInternalUIStackView' has no member 'view'
                        context.view.reset(to: context.value)
                        ~~~~~~~ ^~~~
/Users/mac/Developer/pr0j3ct5/Construkt/Demo/Construkt/Application/Features/Detail/Components/MovieCast.swift:37:48: error: contextual closure type '(BuilderInternalUIStackView, _) -> Void' expects 2 arguments, but 1 was used in closure body
        .onReceive(casts.map { $0.isEmpty }) { context in
                                               ^
                                                      ,<#arg#> 
/Users/mac/Developer/pr0j3ct5/Construkt/Demo/Construkt/Application/Features/Detail/Components/MovieCast.swift:38:21: error: value of type 'BuilderInternalUIStackView' has no member 'view'
            context.view.isHidden = context.value
            ~~~~~~~ ^~~~

SwiftCompile normal x86_64 /Users/mac/Developer/pr0j3ct5/Construkt/Demo/Construkt/Application/Features/Detail/Components/MovieDetailHero.swift (in target 'Construkt' from project 'Construkt')
    cd /Users/mac/Developer/pr0j3ct5/Construkt/Demo
    
/Users/mac/Developer/pr0j3ct5/Construkt/Demo/Construkt/Application/Features/Detail/Components/MovieDetailHero.swift:31:21: error: initializer 'init(_:)' requires that 'Observable<String>' conform to 'ViewBinding'
                    LabelView(details.map { $0.title })
                    ^
/Users/mac/Developer/pr0j3ct5/Construkt/Sources/Construkt/Core/Builder/Builder+Label.swift:49:12: note: where 'Binding' = 'Observable<String>'
    public init<Binding:ViewBinding>(_ binding: Binding) where Binding.Value == String {
           ^

SwiftCompile normal x86_64 /Users/mac/Developer/pr0j3ct5/Construkt/Demo/Construkt/Application/Features/Detail/Components/MovieDetailNavBar.swift (in target 'Construkt' from project 'Construkt')
    cd /Users/mac/Developer/pr0j3ct5/Construkt/Demo
    

SwiftCompile normal x86_64 /Users/mac/Developer/pr0j3ct5/Construkt/Demo/Construkt/Application/Features/Detail/Components/MovieMetadata.swift (in target 'Construkt' from project 'Construkt')
    cd /Users/mac/Developer/pr0j3ct5/Construkt/Demo
    
/Users/mac/Developer/pr0j3ct5/Construkt/Demo/Construkt/Application/Features/Detail/Components/MovieMetadata.swift:13:21: error: initializer 'init(_:)' requires that 'Observable<String>' conform to 'ViewBinding'
                    LabelView(details.compactMap { $0.releaseDate?.prefix(4).description })
                    ^
/Users/mac/Developer/pr0j3ct5/Construkt/Sources/Construkt/Core/Builder/Builder+Label.swift:49:12: note: where 'Binding' = 'Observable<String>'
    public init<Binding:ViewBinding>(_ binding: Binding) where Binding.Value == String {
           ^

SwiftCompile normal x86_64 Compiling\ Builder+With.swift,\ Builder+ZStack.swift,\ CancelBag.swift,\ Property.swift,\ Signal.swift,\ UIColor+Extensions.swift,\ UIImage+Extensions.swift,\ UIImageView+Remote.swift,\ Collection.swift,\ NSCollectionLayout.swift,\ Then.swift,\ UICollectionView.swift,\ GeneratedAssetSymbols.swift /Users/mac/Developer/pr0j3ct5/Construkt/Sources/Construkt/Core/Builder/Builder+With.swift /Users/mac/Developer/pr0j3ct5/Construkt/Sources/Construkt/Core/Builder/Builder+ZStack.swift /Users/mac/Developer/pr0j3ct5/Construkt/Sources/Construkt/Core/Builder/CancelBag.swift /Users/mac/Developer/pr0j3ct5/Construkt/Sources/Construkt/Core/Builder/Property.swift /Users/mac/Developer/pr0j3ct5/Construkt/Sources/Construkt/Core/Builder/Signal.swift /Users/mac/Developer/pr0j3ct5/Construkt/Sources/Construkt/Core/Extensions/UIColor+Extensions.swift /Users/mac/Developer/pr0j3ct5/Construkt/Sources/Construkt/Core/Extensions/UIImage+Extensions.swift /Users/mac/Developer/pr0j3ct5/Construkt/Sources/Construkt/Core/Extensions/UIImageView+Remote.swift /Users/mac/Developer/pr0j3ct5/Construkt/Sources/Construkt/Extensions/Collection.swift /Users/mac/Developer/pr0j3ct5/Construkt/Sources/Construkt/Extensions/NSCollectionLayout.swift /Users/mac/Developer/pr0j3ct5/Construkt/Sources/Construkt/Extensions/Then.swift /Users/mac/Developer/pr0j3ct5/Construkt/Sources/Construkt/Extensions/UICollectionView.swift /Users/mac/Library/Developer/Xcode/DerivedData/Construkt-dmvdvjzlicdgipdixgirozdsnyxg/Build/Intermediates.noindex/Construkt.build/Debug-iphonesimulator/Construkt.build/DerivedSources/GeneratedAssetSymbols.swift (in target 'Construkt' from project 'Construkt')

SwiftCompile normal x86_64 /Users/mac/Developer/pr0j3ct5/Construkt/Sources/Construkt/Core/Builder/Builder+With.swift (in target 'Construkt' from project 'Construkt')
    cd /Users/mac/Developer/pr0j3ct5/Construkt/Demo
    

SwiftCompile normal x86_64 /Users/mac/Developer/pr0j3ct5/Construkt/Sources/Construkt/Core/Builder/Builder+ZStack.swift (in target 'Construkt' from project 'Construkt')
    cd /Users/mac/Developer/pr0j3ct5/Construkt/Demo
    

SwiftCompile normal x86_64 /Users/mac/Developer/pr0j3ct5/Construkt/Sources/Construkt/Core/Builder/CancelBag.swift (in target 'Construkt' from project 'Construkt')
    cd /Users/mac/Developer/pr0j3ct5/Construkt/Demo
    

SwiftCompile normal x86_64 /Users/mac/Developer/pr0j3ct5/Construkt/Sources/Construkt/Core/Builder/Property.swift (in target 'Construkt' from project 'Construkt')
    cd /Users/mac/Developer/pr0j3ct5/Construkt/Demo
    

SwiftCompile normal x86_64 /Users/mac/Developer/pr0j3ct5/Construkt/Sources/Construkt/Core/Builder/Signal.swift (in target 'Construkt' from project 'Construkt')
    cd /Users/mac/Developer/pr0j3ct5/Construkt/Demo
    

SwiftCompile normal x86_64 /Users/mac/Developer/pr0j3ct5/Construkt/Sources/Construkt/Core/Extensions/UIColor+Extensions.swift (in target 'Construkt' from project 'Construkt')
    cd /Users/mac/Developer/pr0j3ct5/Construkt/Demo
    

SwiftCompile normal x86_64 /Users/mac/Developer/pr0j3ct5/Construkt/Sources/Construkt/Core/Extensions/UIImage+Extensions.swift (in target 'Construkt' from project 'Construkt')
    cd /Users/mac/Developer/pr0j3ct5/Construkt/Demo
    

SwiftCompile normal x86_64 /Users/mac/Developer/pr0j3ct5/Construkt/Sources/Construkt/Core/Extensions/UIImageView+Remote.swift (in target 'Construkt' from project 'Construkt')
    cd /Users/mac/Developer/pr0j3ct5/Construkt/Demo
    

SwiftCompile normal x86_64 /Users/mac/Developer/pr0j3ct5/Construkt/Sources/Construkt/Extensions/Collection.swift (in target 'Construkt' from project 'Construkt')
    cd /Users/mac/Developer/pr0j3ct5/Construkt/Demo
    

SwiftCompile normal x86_64 /Users/mac/Developer/pr0j3ct5/Construkt/Sources/Construkt/Extensions/NSCollectionLayout.swift (in target 'Construkt' from project 'Construkt')
    cd /Users/mac/Developer/pr0j3ct5/Construkt/Demo
    

SwiftCompile normal x86_64 /Users/mac/Developer/pr0j3ct5/Construkt/Sources/Construkt/Extensions/Then.swift (in target 'Construkt' from project 'Construkt')
    cd /Users/mac/Developer/pr0j3ct5/Construkt/Demo
    

SwiftCompile normal x86_64 /Users/mac/Developer/pr0j3ct5/Construkt/Sources/Construkt/Extensions/UICollectionView.swift (in target 'Construkt' from project 'Construkt')
    cd /Users/mac/Developer/pr0j3ct5/Construkt/Demo
    

SwiftCompile normal x86_64 /Users/mac/Library/Developer/Xcode/DerivedData/Construkt-dmvdvjzlicdgipdixgirozdsnyxg/Build/Intermediates.noindex/Construkt.build/Debug-iphonesimulator/Construkt.build/DerivedSources/GeneratedAssetSymbols.swift (in target 'Construkt' from project 'Construkt')
    cd /Users/mac/Developer/pr0j3ct5/Construkt/Demo
    

SwiftEmitModule normal x86_64 Emitting\ module\ for\ Construkt (in target 'Construkt' from project 'Construkt')

EmitSwiftModule normal x86_64 (in target 'Construkt' from project 'Construkt')
    cd /Users/mac/Developer/pr0j3ct5/Construkt/Demo
    

SwiftCompile normal x86_64 Compiling\ CollectionListViewController.swift,\ DataSource.swift,\ HostingReusableView.swift,\ LayoutBuilder.swift,\ SectionController.swift,\ SupplementaryController.swift,\ Skeleton.swift,\ SkeletonConfig.swift,\ SkeletonLayer.swift,\ SkeletonView.swift,\ ActivityIndicator.swift,\ Builder+Cell.swift,\ Builder+CollectionView.swift,\ Builder+Section.swift /Users/mac/Developer/pr0j3ct5/Construkt/Sources/Construkt/Components/CollectionView/CollectionListViewController.swift /Users/mac/Developer/pr0j3ct5/Construkt/Sources/Construkt/Components/CollectionView/DataSource.swift /Users/mac/Developer/pr0j3ct5/Construkt/Sources/Construkt/Components/CollectionView/HostingReusableView.swift /Users/mac/Developer/pr0j3ct5/Construkt/Sources/Construkt/Components/CollectionView/LayoutBuilder.swift /Users/mac/Developer/pr0j3ct5/Construkt/Sources/Construkt/Components/CollectionView/SectionController.swift /Users/mac/Developer/pr0j3ct5/Construkt/Sources/Construkt/Components/CollectionView/SupplementaryController.swift /Users/mac/Developer/pr0j3ct5/Construkt/Sources/Construkt/Components/SkeletonView/Skeleton.swift /Users/mac/Developer/pr0j3ct5/Construkt/Sources/Construkt/Components/SkeletonView/SkeletonConfig.swift /Users/mac/Developer/pr0j3ct5/Construkt/Sources/Construkt/Components/SkeletonView/SkeletonLayer.swift /Users/mac/Developer/pr0j3ct5/Construkt/Sources/Construkt/Components/SkeletonView/SkeletonView.swift /Users/mac/Developer/pr0j3ct5/Construkt/Sources/Construkt/Components/Views/ActivityIndicator.swift /Users/mac/Developer/pr0j3ct5/Construkt/Sources/Construkt/Core/Builder/CollectionView/Builder+Cell.swift /Users/mac/Developer/pr0j3ct5/Construkt/Sources/Construkt/Core/Builder/CollectionView/Builder+CollectionView.swift /Users/mac/Developer/pr0j3ct5/Construkt/Sources/Construkt/Core/Builder/CollectionView/Builder+Section.swift (in target 'Construkt' from project 'Construkt')

SwiftCompile normal x86_64 /Users/mac/Developer/pr0j3ct5/Construkt/Sources/Construkt/Components/CollectionView/CollectionListViewController.swift (in target 'Construkt' from project 'Construkt')
    cd /Users/mac/Developer/pr0j3ct5/Construkt/Demo
    

SwiftCompile normal x86_64 /Users/mac/Developer/pr0j3ct5/Construkt/Sources/Construkt/Components/CollectionView/DataSource.swift (in target 'Construkt' from project 'Construkt')
    cd /Users/mac/Developer/pr0j3ct5/Construkt/Demo
    

SwiftCompile normal x86_64 /Users/mac/Developer/pr0j3ct5/Construkt/Sources/Construkt/Components/CollectionView/HostingReusableView.swift (in target 'Construkt' from project 'Construkt')
    cd /Users/mac/Developer/pr0j3ct5/Construkt/Demo
    

SwiftCompile normal x86_64 /Users/mac/Developer/pr0j3ct5/Construkt/Sources/Construkt/Components/CollectionView/LayoutBuilder.swift (in target 'Construkt' from project 'Construkt')
    cd /Users/mac/Developer/pr0j3ct5/Construkt/Demo
    

SwiftCompile normal x86_64 /Users/mac/Developer/pr0j3ct5/Construkt/Sources/Construkt/Components/CollectionView/SectionController.swift (in target 'Construkt' from project 'Construkt')
    cd /Users/mac/Developer/pr0j3ct5/Construkt/Demo
    

SwiftCompile normal x86_64 /Users/mac/Developer/pr0j3ct5/Construkt/Sources/Construkt/Components/CollectionView/SupplementaryController.swift (in target 'Construkt' from project 'Construkt')
    cd /Users/mac/Developer/pr0j3ct5/Construkt/Demo
    

SwiftCompile normal x86_64 /Users/mac/Developer/pr0j3ct5/Construkt/Sources/Construkt/Components/SkeletonView/Skeleton.swift (in target 'Construkt' from project 'Construkt')
    cd /Users/mac/Developer/pr0j3ct5/Construkt/Demo
    

SwiftCompile normal x86_64 /Users/mac/Developer/pr0j3ct5/Construkt/Sources/Construkt/Components/SkeletonView/SkeletonConfig.swift (in target 'Construkt' from project 'Construkt')
    cd /Users/mac/Developer/pr0j3ct5/Construkt/Demo
    

SwiftCompile normal x86_64 /Users/mac/Developer/pr0j3ct5/Construkt/Sources/Construkt/Components/SkeletonView/SkeletonLayer.swift (in target 'Construkt' from project 'Construkt')
    cd /Users/mac/Developer/pr0j3ct5/Construkt/Demo
    

SwiftCompile normal x86_64 /Users/mac/Developer/pr0j3ct5/Construkt/Sources/Construkt/Components/SkeletonView/SkeletonView.swift (in target 'Construkt' from project 'Construkt')
    cd /Users/mac/Developer/pr0j3ct5/Construkt/Demo
    

SwiftCompile normal x86_64 /Users/mac/Developer/pr0j3ct5/Construkt/Sources/Construkt/Components/Views/ActivityIndicator.swift (in target 'Construkt' from project 'Construkt')
    cd /Users/mac/Developer/pr0j3ct5/Construkt/Demo
    

SwiftCompile normal x86_64 /Users/mac/Developer/pr0j3ct5/Construkt/Sources/Construkt/Core/Builder/CollectionView/Builder+Cell.swift (in target 'Construkt' from project 'Construkt')
    cd /Users/mac/Developer/pr0j3ct5/Construkt/Demo
    

SwiftCompile normal x86_64 /Users/mac/Developer/pr0j3ct5/Construkt/Sources/Construkt/Core/Builder/CollectionView/Builder+CollectionView.swift (in target 'Construkt' from project 'Construkt')
    cd /Users/mac/Developer/pr0j3ct5/Construkt/Demo
    

SwiftCompile normal x86_64 /Users/mac/Developer/pr0j3ct5/Construkt/Sources/Construkt/Core/Builder/CollectionView/Builder+Section.swift (in target 'Construkt' from project 'Construkt')
    cd /Users/mac/Developer/pr0j3ct5/Construkt/Demo
    

SwiftCompile normal x86_64 Compiling\ Builder+Label.swift,\ Builder+Navigation.swift,\ Builder+Padding.swift,\ Builder+ScrollView.swift,\ Builder+Spacer.swift,\ Builder+Stack.swift,\ Builder+Styles.swift,\ Builder+Switch.swift,\ Builder+TableView.swift,\ Builder+TextField.swift,\ Builder+Variable.swift,\ Builder+View.swift,\ Builder+ViewController.swift /Users/mac/Developer/pr0j3ct5/Construkt/Sources/Construkt/Core/Builder/Builder+Label.swift /Users/mac/Developer/pr0j3ct5/Construkt/Sources/Construkt/Core/Builder/Builder+Navigation.swift /Users/mac/Developer/pr0j3ct5/Construkt/Sources/Construkt/Core/Builder/Builder+Padding.swift /Users/mac/Developer/pr0j3ct5/Construkt/Sources/Construkt/Core/Builder/Builder+ScrollView.swift /Users/mac/Developer/pr0j3ct5/Construkt/Sources/Construkt/Core/Builder/Builder+Spacer.swift /Users/mac/Developer/pr0j3ct5/Construkt/Sources/Construkt/Core/Builder/Builder+Stack.swift /Users/mac/Developer/pr0j3ct5/Construkt/Sources/Construkt/Core/Builder/Builder+Styles.swift /Users/mac/Developer/pr0j3ct5/Construkt/Sources/Construkt/Core/Builder/Builder+Switch.swift /Users/mac/Developer/pr0j3ct5/Construkt/Sources/Construkt/Core/Builder/Builder+TableView.swift /Users/mac/Developer/pr0j3ct5/Construkt/Sources/Construkt/Core/Builder/Builder+TextField.swift /Users/mac/Developer/pr0j3ct5/Construkt/Sources/Construkt/Core/Builder/Builder+Variable.swift /Users/mac/Developer/pr0j3ct5/Construkt/Sources/Construkt/Core/Builder/Builder+View.swift /Users/mac/Developer/pr0j3ct5/Construkt/Sources/Construkt/Core/Builder/Builder+ViewController.swift (in target 'Construkt' from project 'Construkt')

SwiftCompile normal x86_64 /Users/mac/Developer/pr0j3ct5/Construkt/Sources/Construkt/Core/Builder/Builder+Label.swift (in target 'Construkt' from project 'Construkt')
    cd /Users/mac/Developer/pr0j3ct5/Construkt/Demo
    

SwiftCompile normal x86_64 /Users/mac/Developer/pr0j3ct5/Construkt/Sources/Construkt/Core/Builder/Builder+Navigation.swift (in target 'Construkt' from project 'Construkt')
    cd /Users/mac/Developer/pr0j3ct5/Construkt/Demo
    

SwiftCompile normal x86_64 /Users/mac/Developer/pr0j3ct5/Construkt/Sources/Construkt/Core/Builder/Builder+Padding.swift (in target 'Construkt' from project 'Construkt')
    cd /Users/mac/Developer/pr0j3ct5/Construkt/Demo
    

SwiftCompile normal x86_64 /Users/mac/Developer/pr0j3ct5/Construkt/Sources/Construkt/Core/Builder/Builder+ScrollView.swift (in target 'Construkt' from project 'Construkt')
    cd /Users/mac/Developer/pr0j3ct5/Construkt/Demo
    

SwiftCompile normal x86_64 /Users/mac/Developer/pr0j3ct5/Construkt/Sources/Construkt/Core/Builder/Builder+Spacer.swift (in target 'Construkt' from project 'Construkt')
    cd /Users/mac/Developer/pr0j3ct5/Construkt/Demo
    

SwiftCompile normal x86_64 /Users/mac/Developer/pr0j3ct5/Construkt/Sources/Construkt/Core/Builder/Builder+Stack.swift (in target 'Construkt' from project 'Construkt')
    cd /Users/mac/Developer/pr0j3ct5/Construkt/Demo
    

SwiftCompile normal x86_64 /Users/mac/Developer/pr0j3ct5/Construkt/Sources/Construkt/Core/Builder/Builder+Styles.swift (in target 'Construkt' from project 'Construkt')
    cd /Users/mac/Developer/pr0j3ct5/Construkt/Demo
    

SwiftCompile normal x86_64 /Users/mac/Developer/pr0j3ct5/Construkt/Sources/Construkt/Core/Builder/Builder+Switch.swift (in target 'Construkt' from project 'Construkt')
    cd /Users/mac/Developer/pr0j3ct5/Construkt/Demo
    

SwiftCompile normal x86_64 /Users/mac/Developer/pr0j3ct5/Construkt/Sources/Construkt/Core/Builder/Builder+TableView.swift (in target 'Construkt' from project 'Construkt')
    cd /Users/mac/Developer/pr0j3ct5/Construkt/Demo
    

SwiftCompile normal x86_64 /Users/mac/Developer/pr0j3ct5/Construkt/Sources/Construkt/Core/Builder/Builder+TextField.swift (in target 'Construkt' from project 'Construkt')
    cd /Users/mac/Developer/pr0j3ct5/Construkt/Demo
    

SwiftCompile normal x86_64 /Users/mac/Developer/pr0j3ct5/Construkt/Sources/Construkt/Core/Builder/Builder+Variable.swift (in target 'Construkt' from project 'Construkt')
    cd /Users/mac/Developer/pr0j3ct5/Construkt/Demo
    

SwiftCompile normal x86_64 /Users/mac/Developer/pr0j3ct5/Construkt/Sources/Construkt/Core/Builder/Builder+View.swift (in target 'Construkt' from project 'Construkt')
    cd /Users/mac/Developer/pr0j3ct5/Construkt/Demo
    

SwiftCompile normal x86_64 /Users/mac/Developer/pr0j3ct5/Construkt/Sources/Construkt/Core/Builder/Builder+ViewController.swift (in target 'Construkt' from project 'Construkt')
    cd /Users/mac/Developer/pr0j3ct5/Construkt/Demo
    

SwiftCompile normal arm64 Compiling\ CollectionListViewController.swift,\ DataSource.swift,\ HostingReusableView.swift,\ LayoutBuilder.swift,\ SectionController.swift,\ SupplementaryController.swift,\ Skeleton.swift,\ SkeletonConfig.swift,\ SkeletonLayer.swift,\ SkeletonView.swift,\ ActivityIndicator.swift,\ Builder+Cell.swift,\ Builder+CollectionView.swift,\ Builder+Section.swift /Users/mac/Developer/pr0j3ct5/Construkt/Sources/Construkt/Components/CollectionView/CollectionListViewController.swift /Users/mac/Developer/pr0j3ct5/Construkt/Sources/Construkt/Components/CollectionView/DataSource.swift /Users/mac/Developer/pr0j3ct5/Construkt/Sources/Construkt/Components/CollectionView/HostingReusableView.swift /Users/mac/Developer/pr0j3ct5/Construkt/Sources/Construkt/Components/CollectionView/LayoutBuilder.swift /Users/mac/Developer/pr0j3ct5/Construkt/Sources/Construkt/Components/CollectionView/SectionController.swift /Users/mac/Developer/pr0j3ct5/Construkt/Sources/Construkt/Components/CollectionView/SupplementaryController.swift /Users/mac/Developer/pr0j3ct5/Construkt/Sources/Construkt/Components/SkeletonView/Skeleton.swift /Users/mac/Developer/pr0j3ct5/Construkt/Sources/Construkt/Components/SkeletonView/SkeletonConfig.swift /Users/mac/Developer/pr0j3ct5/Construkt/Sources/Construkt/Components/SkeletonView/SkeletonLayer.swift /Users/mac/Developer/pr0j3ct5/Construkt/Sources/Construkt/Components/SkeletonView/SkeletonView.swift /Users/mac/Developer/pr0j3ct5/Construkt/Sources/Construkt/Components/Views/ActivityIndicator.swift /Users/mac/Developer/pr0j3ct5/Construkt/Sources/Construkt/Core/Builder/CollectionView/Builder+Cell.swift /Users/mac/Developer/pr0j3ct5/Construkt/Sources/Construkt/Core/Builder/CollectionView/Builder+CollectionView.swift /Users/mac/Developer/pr0j3ct5/Construkt/Sources/Construkt/Core/Builder/CollectionView/Builder+Section.swift (in target 'Construkt' from project 'Construkt')

SwiftCompile normal arm64 /Users/mac/Developer/pr0j3ct5/Construkt/Sources/Construkt/Components/CollectionView/CollectionListViewController.swift (in target 'Construkt' from project 'Construkt')
    cd /Users/mac/Developer/pr0j3ct5/Construkt/Demo
    

SwiftCompile normal arm64 /Users/mac/Developer/pr0j3ct5/Construkt/Sources/Construkt/Components/CollectionView/DataSource.swift (in target 'Construkt' from project 'Construkt')
    cd /Users/mac/Developer/pr0j3ct5/Construkt/Demo
    

SwiftCompile normal arm64 /Users/mac/Developer/pr0j3ct5/Construkt/Sources/Construkt/Components/CollectionView/HostingReusableView.swift (in target 'Construkt' from project 'Construkt')
    cd /Users/mac/Developer/pr0j3ct5/Construkt/Demo
    

SwiftCompile normal arm64 /Users/mac/Developer/pr0j3ct5/Construkt/Sources/Construkt/Components/CollectionView/LayoutBuilder.swift (in target 'Construkt' from project 'Construkt')
    cd /Users/mac/Developer/pr0j3ct5/Construkt/Demo
    

SwiftCompile normal arm64 /Users/mac/Developer/pr0j3ct5/Construkt/Sources/Construkt/Components/CollectionView/SectionController.swift (in target 'Construkt' from project 'Construkt')
    cd /Users/mac/Developer/pr0j3ct5/Construkt/Demo
    

SwiftCompile normal arm64 /Users/mac/Developer/pr0j3ct5/Construkt/Sources/Construkt/Components/CollectionView/SupplementaryController.swift (in target 'Construkt' from project 'Construkt')
    cd /Users/mac/Developer/pr0j3ct5/Construkt/Demo
    

SwiftCompile normal arm64 /Users/mac/Developer/pr0j3ct5/Construkt/Sources/Construkt/Components/SkeletonView/Skeleton.swift (in target 'Construkt' from project 'Construkt')
    cd /Users/mac/Developer/pr0j3ct5/Construkt/Demo
    

SwiftCompile normal arm64 /Users/mac/Developer/pr0j3ct5/Construkt/Sources/Construkt/Components/SkeletonView/SkeletonConfig.swift (in target 'Construkt' from project 'Construkt')
    cd /Users/mac/Developer/pr0j3ct5/Construkt/Demo
    

SwiftCompile normal arm64 /Users/mac/Developer/pr0j3ct5/Construkt/Sources/Construkt/Components/SkeletonView/SkeletonLayer.swift (in target 'Construkt' from project 'Construkt')
    cd /Users/mac/Developer/pr0j3ct5/Construkt/Demo
    

SwiftCompile normal arm64 /Users/mac/Developer/pr0j3ct5/Construkt/Sources/Construkt/Components/SkeletonView/SkeletonView.swift (in target 'Construkt' from project 'Construkt')
    cd /Users/mac/Developer/pr0j3ct5/Construkt/Demo
    

SwiftCompile normal arm64 /Users/mac/Developer/pr0j3ct5/Construkt/Sources/Construkt/Components/Views/ActivityIndicator.swift (in target 'Construkt' from project 'Construkt')
    cd /Users/mac/Developer/pr0j3ct5/Construkt/Demo
    

SwiftCompile normal arm64 /Users/mac/Developer/pr0j3ct5/Construkt/Sources/Construkt/Core/Builder/CollectionView/Builder+Cell.swift (in target 'Construkt' from project 'Construkt')
    cd /Users/mac/Developer/pr0j3ct5/Construkt/Demo
    

SwiftCompile normal arm64 /Users/mac/Developer/pr0j3ct5/Construkt/Sources/Construkt/Core/Builder/CollectionView/Builder+CollectionView.swift (in target 'Construkt' from project 'Construkt')
    cd /Users/mac/Developer/pr0j3ct5/Construkt/Demo
    

SwiftCompile normal arm64 /Users/mac/Developer/pr0j3ct5/Construkt/Sources/Construkt/Core/Builder/CollectionView/Builder+Section.swift (in target 'Construkt' from project 'Construkt')
    cd /Users/mac/Developer/pr0j3ct5/Construkt/Demo
    

SwiftEmitModule normal arm64 Emitting\ module\ for\ Construkt (in target 'Construkt' from project 'Construkt')

EmitSwiftModule normal arm64 (in target 'Construkt' from project 'Construkt')
    cd /Users/mac/Developer/pr0j3ct5/Construkt/Demo
    

SwiftCompile normal arm64 Compiling\ Builder+Attributes.swift,\ Builder+Button.swift,\ Builder+CollectionView+Pagination.swift,\ Builder+TableView+State.swift,\ LoadableState.swift,\ PaginationUtils.swift,\ StateContainer.swift,\ CustomNavigationBar.swift,\ GradientView.swift,\ SharedViews.swift,\ MovieCast.swift,\ MovieDetailHero.swift,\ MovieDetailNavBar.swift,\ MovieMetadata.swift /Users/mac/Developer/pr0j3ct5/Construkt/Sources/Construkt/Core/Builder/Builder+Attributes.swift /Users/mac/Developer/pr0j3ct5/Construkt/Sources/Construkt/Core/Builder/Builder+Button.swift /Users/mac/Developer/pr0j3ct5/Construkt/Demo/Construkt/Application/Common/State/Builder+CollectionView+Pagination.swift /Users/mac/Developer/pr0j3ct5/Construkt/Demo/Construkt/Application/Common/State/Builder+TableView+State.swift /Users/mac/Developer/pr0j3ct5/Construkt/Demo/Construkt/Application/Common/State/LoadableState.swift /Users/mac/Developer/pr0j3ct5/Construkt/Demo/Construkt/Application/Common/State/PaginationUtils.swift /Users/mac/Developer/pr0j3ct5/Construkt/Demo/Construkt/Application/Common/State/StateContainer.swift /Users/mac/Developer/pr0j3ct5/Construkt/Demo/Construkt/Application/Common/Views/CustomNavigationBar.swift /Users/mac/Developer/pr0j3ct5/Construkt/Demo/Construkt/Application/Common/Views/GradientView.swift /Users/mac/Developer/pr0j3ct5/Construkt/Demo/Construkt/Application/Common/Views/SharedViews.swift /Users/mac/Developer/pr0j3ct5/Construkt/Demo/Construkt/Application/Features/Detail/Components/MovieCast.swift /Users/mac/Developer/pr0j3ct5/Construkt/Demo/Construkt/Application/Features/Detail/Components/MovieDetailHero.swift /Users/mac/Developer/pr0j3ct5/Construkt/Demo/Construkt/Application/Features/Detail/Components/MovieDetailNavBar.swift /Users/mac/Developer/pr0j3ct5/Construkt/Demo/Construkt/Application/Features/Detail/Components/MovieMetadata.swift (in target 'Construkt' from project 'Construkt')

** BUILD FAILED **


The following build commands failed:
	SwiftCompile normal x86_64 Compiling\ Builder+Attributes.swift,\ Builder+Button.swift,\ Builder+CollectionView+Pagination.swift,\ Builder+TableView+State.swift,\ LoadableState.swift,\ PaginationUtils.swift,\ StateContainer.swift,\ CustomNavigationBar.swift,\ GradientView.swift,\ SharedViews.swift,\ MovieCast.swift,\ MovieDetailHero.swift,\ MovieDetailNavBar.swift,\ MovieMetadata.swift /Users/mac/Developer/pr0j3ct5/Construkt/Sources/Construkt/Core/Builder/Builder+Attributes.swift /Users/mac/Developer/pr0j3ct5/Construkt/Sources/Construkt/Core/Builder/Builder+Button.swift /Users/mac/Developer/pr0j3ct5/Construkt/Demo/Construkt/Application/Common/State/Builder+CollectionView+Pagination.swift /Users/mac/Developer/pr0j3ct5/Construkt/Demo/Construkt/Application/Common/State/Builder+TableView+State.swift /Users/mac/Developer/pr0j3ct5/Construkt/Demo/Construkt/Application/Common/State/LoadableState.swift /Users/mac/Developer/pr0j3ct5/Construkt/Demo/Construkt/Application/Common/State/PaginationUtils.swift /Users/mac/Developer/pr0j3ct5/Construkt/Demo/Construkt/Application/Common/State/StateContainer.swift /Users/mac/Developer/pr0j3ct5/Construkt/Demo/Construkt/Application/Common/Views/CustomNavigationBar.swift /Users/mac/Developer/pr0j3ct5/Construkt/Demo/Construkt/Application/Common/Views/GradientView.swift /Users/mac/Developer/pr0j3ct5/Construkt/Demo/Construkt/Application/Common/Views/SharedViews.swift /Users/mac/Developer/pr0j3ct5/Construkt/Demo/Construkt/Application/Features/Detail/Components/MovieCast.swift /Users/mac/Developer/pr0j3ct5/Construkt/Demo/Construkt/Application/Features/Detail/Components/MovieDetailHero.swift /Users/mac/Developer/pr0j3ct5/Construkt/Demo/Construkt/Application/Features/Detail/Components/MovieDetailNavBar.swift /Users/mac/Developer/pr0j3ct5/Construkt/Demo/Construkt/Application/Features/Detail/Components/MovieMetadata.swift (in target 'Construkt' from project 'Construkt')
	SwiftCompile normal x86_64 /Users/mac/Developer/pr0j3ct5/Construkt/Sources/Construkt/Core/Builder/Builder+Button.swift (in target 'Construkt' from project 'Construkt')
	SwiftCompile normal x86_64 /Users/mac/Developer/pr0j3ct5/Construkt/Demo/Construkt/Application/Common/State/Builder+CollectionView+Pagination.swift (in target 'Construkt' from project 'Construkt')
	SwiftCompile normal x86_64 /Users/mac/Developer/pr0j3ct5/Construkt/Demo/Construkt/Application/Common/State/StateContainer.swift (in target 'Construkt' from project 'Construkt')
	SwiftCompile normal x86_64 /Users/mac/Developer/pr0j3ct5/Construkt/Demo/Construkt/Application/Features/Detail/Components/MovieCast.swift (in target 'Construkt' from project 'Construkt')
	SwiftCompile normal x86_64 /Users/mac/Developer/pr0j3ct5/Construkt/Demo/Construkt/Application/Features/Detail/Components/MovieDetailHero.swift (in target 'Construkt' from project 'Construkt')
	SwiftCompile normal x86_64 /Users/mac/Developer/pr0j3ct5/Construkt/Demo/Construkt/Application/Features/Detail/Components/MovieMetadata.swift (in target 'Construkt' from project 'Construkt')
	Building project Construkt with scheme Construkt
(8 failures)
